Microchip MPLAB XC8 Compiler V2.30

Linker command line:

-W-3 --edf=C:\Program Files\Microchip\xc8\v2.30\pic\dat\en_msgs.txt -cn \
  -h+dist/default/production\pic18f47q10-adc-dc-motor-with-touch-interface-mplab.X.production.sym \
  --cmf=dist/default/production\pic18f47q10-adc-dc-motor-with-touch-interface-mplab.X.production.cmf \
  -z -Q18F47Q10 -oC:\Users\I51005\AppData\Local\Temp\s419ox2 \
  --defsym=__MPLAB_BUILD=1 \
  -Mdist/default/production/pic18f47q10-adc-dc-motor-with-touch-interface-mplab.X.production.map \
  -E1 -ver=XC8 Compiler --acfsm=1493 -ASTACK=016Bh-0E1Eh -pstack=STACK \
  -ACODE=00h-01FFFFh -ACONST=00h-01FFFFh -ASMALLCONST=0F00h-0FFFhx497 \
  -AMEDIUMCONST=0F00h-0FFFFh,010F00h-01FFFFh -ACOMRAM=01h-05Fh \
  -AABS1=00h-0E1Eh -ABIGRAM=01h-0E1Eh \
  -ARAM=060h-0FFh,0100h-01FFhx13,0E00h-0E1Eh -ABANK0=060h-0FFh \
  -ABANK1=0100h-01FFh -ABANK2=0200h-02FFh -ABANK3=0300h-03FFh \
  -ABANK4=0400h-04FFh -ABANK5=0500h-05FFh -ABANK6=0600h-06FFh \
  -ABANK7=0700h-07FFh -ABANK8=0800h-08FFh -ABANK9=0900h-09FFh \
  -ABANK10=0A00h-0AFFh -ABANK11=0B00h-0BFFh -ABANK12=0C00h-0CFFh \
  -ABANK13=0D00h-0DFFh -ABANK14=0E00h-0E1Eh \
  -ASFR=0E1Fh-0EFFh,0F00h-0F5Fh,0F60h-0FFFh -ACONFIG=0300000h-030000Bh \
  -AIDLOC=0200000h-02000FFh -AEEDATA=0310000h-03103FFh -peeprom_data=EEDATA \
  -preset_vec=00h,intcode=08h,intcodelo,powerup,init -pramtop=0F00h \
  -psmallconst=SMALLCONST -pmediumconst=MEDIUMCONST -pconst=CONST \
  -AFARRAM=00h-00h \
  -prdata=COMRAM,nvrram=COMRAM,nvbit=COMRAM,rbss=COMRAM,rbit=COMRAM \
  -pfarbss=FARRAM,fardata=FARRAM,nvFARRAM=FARRAM \
  -pintsave_regs=BIGRAM,bigbss=BIGRAM,bigdata=BIGRAM -pbss=RAM \
  -pidata=CODE,irdata=CODE,ibigdata=CODE,ifardata=CODE -prparam=COMRAM \
  C:\Users\I51005\AppData\Local\Temp\s419ox8.o \
  dist/default/production\pic18f47q10-adc-dc-motor-with-touch-interface-mplab.X.production.o 

Object code version is 3.11

Machine type is 18F47Q10



                Name                               Link     Load   Length Selector   Space Scale
C:\Users\I51005\AppData\Local\Temp\s419ox8.o
                idloc                            200000   200000      100        0       5
                config                           300000   300000        C        0       4
                init                                 6E       6E        4        4       0
                reset_vec                             0        0        4        0       0
dist/default/production\pic18f47q10-adc-dc-motor-with-touch-interface-mplab.X.production.o
                intcode                               8        8       66        4       0
                idloc                            200000   200000      100        0       5
                config                           300000   300000        C        0       4
                temp                                 4A       4A        1        1       1
                smallconst                          F00      F00       84      780       0
                text104                            3E1A     3E1A       30      7C2       0
                text103                            40B8     40B8       1E     1F3D       0
                text102                            405C     405C       20     1F3D       0
                text101                            3AEE     3AEE       40      7C2       0
                text100                            2442     2442      148      7C2       0
                text99                             4160     4160       10     1F3D       0
                text98                             3C26     3C26       3E      7C2       0
                text97                             3BE8     3BE8       3E      7C2       0
                text96                             347C     347C       90      7C2       0
                text95                             403C     403C       20     1F3D       0
                text94                             2000     2000      196      7C2       0
                text93                             29D4     29D4      106      7C2       0
                text92                             41A4     41A4        A     1F3D       0
                text91                             41E8     41E8        2     1F3D       0
                text90                             3D80     3D80       36      7C2       0
                text88                             41B6     41B6        8     1F3D       0
                text87                             41AE     41AE        8     1F3D       0
                text86                             41D0     41D0        6     1F3D       0
                text85                             41CA     41CA        6     1F3D       0
                text84                             1CB4     1CB4      1B6      7C2       0
                text83                             3DB6     3DB6       34      7C2       0
                text82                             1AF4     1AF4      1C0      7C2       0
                text81                             418C     418C        E     1F3D       0
                text80                             258A     258A      12A      7C2       0
                text79                             3D48     3D48       38      7C2       0
                text78                             315E     315E       AE      7C2       0
                text77                             3DEA     3DEA       30      7C2       0
                text76                             3732     3732       5E      7C2       0
                text75                             26B4     26B4      110      7C2       0
                text74                             383C     383C       54      7C2       0
                text73                             22F2     22F2      150      7C2       0
                text72                             3F22     3F22       28     1F3D       0
                text71                             3592     3592       72      7C2       0
                text70                             3A20     3A20       4E      7C2       0
                text69                             41E6     41E6        2     1F3D       0
                text68                             27C4     27C4      10A      7C2       0
                text67                             2CA0     2CA0       E2      7C2       0
                text66                             1528     1528      1FA      7C2       0
                text65                             3BAA     3BAA       3E      7C2       0
                text64                             3B6C     3B6C       3E      7C2       0
                text63                             2D82     2D82       DC      7C2       0
                text62                             3FDA     3FDA       22     1F3D       0
                text61                             37E6     37E6       56      7C2       0
                text60                             3C9E     3C9E       3A      7C2       0
                text59                             3EFA     3EFA       28     1F3D       0
                text58                             4150     4150       10     1F3D       0
                text57                             3F94     3F94       24     1F3D       0
                text56                             3C64     3C64       3A      7C2       0
                text55                             38E2     38E2       52      7C2       0
                text54                             417E     417E        E     1F3D       0
                text53                             39D2     39D2       4E      7C2       0
                text52                             41C4     41C4        6     1F3D       0
                text51                             32B6     32B6       9C      7C2       0
                text50                             409A     409A       1E     1F3D       0
                text49                             413A     413A       16     1F3D       0
                text48                             41DE     41DE        4     1F3D       0
                text47                             3B2E     3B2E       3E      7C2       0
                text46                             33EC     33EC       90      7C2       0
                text45                             401C     401C       20     1F3D       0
                text44                             3FFC     3FFC       20     1F3D       0
                text43                             1E6A     1E6A      196      7C2       0
                text42                             36CE     36CE       64      7C2       0
                text41                             41E4     41E4        2     1F3D       0
                text40                             1722     1722      1F2      7C2       0
                text39                             3790     3790       56      7C2       0
                text38                             3890     3890       52      7C2       0
                text37                             3AAE     3AAE       40      7C2       0
                text36                             1914     1914      1E0      7C2       0
                text35                             3ED2     3ED2       28     1F3D       0
                text34                             419A     419A        A     1F3D       0
                text33                             3F4A     3F4A       26     1F3D       0
                text32                             3A6E     3A6E       40      7C2       0
                text31                             3D10     3D10       38      7C2       0
                text30                             41E2     41E2        2     1F3D       0
                text29                             40F2     40F2       1A     1F3D       0
                text28                             3EA6     3EA6       2C     1F3D       0
                text27                             2E5E     2E5E       D0      7C2       0
                text26                             30A8     30A8       B6      7C2       0
                text25                             2F2E     2F2E       C4      7C2       0
                text24                             320C     320C       AA      7C2       0
                text23                             2ADA     2ADA       E4      7C2       0
                text22                             2BBE     2BBE       E2      7C2       0
                text21                              F84      F84      2F0      7C2       0
                text20                             2FF2     2FF2       B6      7C2       0
                text19                             28CE     28CE      106      7C2       0
                text18                             2196     2196      15C      7C2       0
                text17                             3352     3352       9A      7C2       0
                text16                             1274     1274      2B4      7C2       0
                text15                             3F70     3F70       24     1F3D       0
                text14                             366A     366A       64      7C2       0
                text13                             3E7A     3E7A       2C     1F3D       0
                text12                             41BE     41BE        6     1F3D       0
                text11                             41DA     41DA        4     1F3D       0
                text10                             3934     3934       50      7C2       0
                text9                              4170     4170        E     1F3D       0
                text8                              3604     3604       66      7C2       0
                text7                              41D6     41D6        4     1F3D       0
                text6                              410C     410C       18     1F3D       0
                text5                              350C     350C       86      7C2       0
                text4                              40D6     40D6       1C     1F3D       0
                text3                              4124     4124       16     1F3D       0
                text2                              407C     407C       1E     1F3D       0
                text1                              3FB8     3FB8       22     1F3D       0
                text0                              3CD8     3CD8       38      7C2       0
                cstackCOMRAM                          1        1       33        1       1
                cstackBANK0                          F3       F3        A       60       1
                cstackBANK1                         155      155       16      100       1
                bssBANK1                            100      100       55      100       1
                dataBANK0                            C4       C4       2F       60       1
                bssBANK0                             60       60       64       60       1
                bssCOMRAM                            34       34       16        1       1
                cinit                              3984     3984       4E      7C2       0
                nvBANK0                              FD       FD        3       60       1
                idataBANK0                         3E4A     3E4A       2F      7C2       0

TOTAL           Name                               Link     Load   Length     Space
        CLASS   STACK          

        CLASS   CODE           
                intcode                               8        8       66         0
                init                                 6E       6E        4         0
                reset_vec                             0        0        4         0
                text104                            3E1A     3E1A       30         0
                text103                            40B8     40B8       1E         0
                text102                            405C     405C       20         0
                text101                            3AEE     3AEE       40         0
                text100                            2442     2442      148         0
                text99                             4160     4160       10         0
                text98                             3C26     3C26       3E         0
                text97                             3BE8     3BE8       3E         0
                text96                             347C     347C       90         0
                text95                             403C     403C       20         0
                text94                             2000     2000      196         0
                text93                             29D4     29D4      106         0
                text92                             41A4     41A4        A         0
                text91                             41E8     41E8        2         0
                text90                             3D80     3D80       36         0
                text88                             41B6     41B6        8         0
                text87                             41AE     41AE        8         0
                text86                             41D0     41D0        6         0
                text85                             41CA     41CA        6         0
                text84                             1CB4     1CB4      1B6         0
                text83                             3DB6     3DB6       34         0
                text82                             1AF4     1AF4      1C0         0
                text81                             418C     418C        E         0
                text80                             258A     258A      12A         0
                text79                             3D48     3D48       38         0
                text78                             315E     315E       AE         0
                text77                             3DEA     3DEA       30         0
                text76                             3732     3732       5E         0
                text75                             26B4     26B4      110         0
                text74                             383C     383C       54         0
                text73                             22F2     22F2      150         0
                text72                             3F22     3F22       28         0
                text71                             3592     3592       72         0
                text70                             3A20     3A20       4E         0
                text69                             41E6     41E6        2         0
                text68                             27C4     27C4      10A         0
                text67                             2CA0     2CA0       E2         0
                text66                             1528     1528      1FA         0
                text65                             3BAA     3BAA       3E         0
                text64                             3B6C     3B6C       3E         0
                text63                             2D82     2D82       DC         0
                text62                             3FDA     3FDA       22         0
                text61                             37E6     37E6       56         0
                text60                             3C9E     3C9E       3A         0
                text59                             3EFA     3EFA       28         0
                text58                             4150     4150       10         0
                text57                             3F94     3F94       24         0
                text56                             3C64     3C64       3A         0
                text55                             38E2     38E2       52         0
                text54                             417E     417E        E         0
                text53                             39D2     39D2       4E         0
                text52                             41C4     41C4        6         0
                text51                             32B6     32B6       9C         0
                text50                             409A     409A       1E         0
                text49                             413A     413A       16         0
                text48                             41DE     41DE        4         0
                text47                             3B2E     3B2E       3E         0
                text46                             33EC     33EC       90         0
                text45                             401C     401C       20         0
                text44                             3FFC     3FFC       20         0
                text43                             1E6A     1E6A      196         0
                text42                             36CE     36CE       64         0
                text41                             41E4     41E4        2         0
                text40                             1722     1722      1F2         0
                text39                             3790     3790       56         0
                text38                             3890     3890       52         0
                text37                             3AAE     3AAE       40         0
                text36                             1914     1914      1E0         0
                text35                             3ED2     3ED2       28         0
                text34                             419A     419A        A         0
                text33                             3F4A     3F4A       26         0
                text32                             3A6E     3A6E       40         0
                text31                             3D10     3D10       38         0
                text30                             41E2     41E2        2         0
                text29                             40F2     40F2       1A         0
                text28                             3EA6     3EA6       2C         0
                text27                             2E5E     2E5E       D0         0
                text26                             30A8     30A8       B6         0
                text25                             2F2E     2F2E       C4         0
                text24                             320C     320C       AA         0
                text23                             2ADA     2ADA       E4         0
                text22                             2BBE     2BBE       E2         0
                text21                              F84      F84      2F0         0
                text20                             2FF2     2FF2       B6         0
                text19                             28CE     28CE      106         0
                text18                             2196     2196      15C         0
                text17                             3352     3352       9A         0
                text16                             1274     1274      2B4         0
                text15                             3F70     3F70       24         0
                text14                             366A     366A       64         0
                text13                             3E7A     3E7A       2C         0
                text12                             41BE     41BE        6         0
                text11                             41DA     41DA        4         0
                text10                             3934     3934       50         0
                text9                              4170     4170        E         0
                text8                              3604     3604       66         0
                text7                              41D6     41D6        4         0
                text6                              410C     410C       18         0
                text5                              350C     350C       86         0
                text4                              40D6     40D6       1C         0
                text3                              4124     4124       16         0
                text2                              407C     407C       1E         0
                text1                              3FB8     3FB8       22         0
                text0                              3CD8     3CD8       38         0
                cinit                              3984     3984       4E         0
                idataBANK0                         3E4A     3E4A       2F         0

        CLASS   CONST          

        CLASS   SMALLCONST     
                smallconst                          F00      F00       84         0

        CLASS   MEDIUMCONST    

        CLASS   COMRAM         
                temp                                 4A       4A        1         1
                cstackCOMRAM                          1        1       33         1
                bssCOMRAM                            34       34       16         1

        CLASS   ABS1           

        CLASS   BIGRAM         

        CLASS   RAM            

        CLASS   BANK0          
                cstackBANK0                          F3       F3        A         1
                dataBANK0                            C4       C4       2F         1
                bssBANK0                             60       60       64         1
                nvBANK0                              FD       FD        3         1

        CLASS   BANK1          
                cstackBANK1                         155      155       16         1
                bssBANK1                            100      100       55         1

        CLASS   BANK2          

        CLASS   BANK3          

        CLASS   BANK4          

        CLASS   BANK5          

        CLASS   BANK6          

        CLASS   BANK7          

        CLASS   BANK8          

        CLASS   BANK9          

        CLASS   BANK10         

        CLASS   BANK11         

        CLASS   BANK12         

        CLASS   BANK13         

        CLASS   BANK14         

        CLASS   SFR            

        CLASS   CONFIG         
                config                           300000   300000        C         4

        CLASS   IDLOC          
                idloc                            200000   200000      100         5

        CLASS   EEDATA         

        CLASS   FARRAM         



SEGMENTS        Name                           Load    Length   Top    Selector   Space  Class

                reset_vec                      000000  000004  000004         0       0  CODE    
                cstackCOMRAM                   000001  00004A  00004B         1       1  COMRAM  
                intcode                        000008  00006A  000072         4       0  CODE    
                bssBANK0                       000060  0000A0  000100        60       1  BANK0   
                bssBANK1                       000100  00006B  00016B       100       1  BANK1   
                smallconst                     000F00  000084  000F84       780       0  SMALLCON
                text21                         000F84  002EF5  003E79       7C2       0  CODE    
                text13                         003E7A  000370  0041EA      1F3D       0  CODE    


UNUSED ADDRESS RANGES

        Name                Unused          Largest block    Delta
        BANK1            00016B-0001FF               95
        BANK10           000A00-000AFF              100
        BANK11           000B00-000BFF              100
        BANK12           000C00-000CFF              100
        BANK13           000D00-000DFF              100
        BANK14           000E00-000E1E               1F
        BANK2            000200-0002FF              100
        BANK3            000300-0003FF              100
        BANK4            000400-0004FF              100
        BANK5            000500-0005FF              100
        BANK6            000600-0006FF              100
        BANK7            000700-0007FF              100
        BANK8            000800-0008FF              100
        BANK9            000900-0009FF              100
        BIGRAM           00004B-00005F               15
                         00016B-000E1E              CB4
        CODE             000004-000007                4
                         000072-000EFF              E8E
                         003E79-003E79                1
                         0041EA-01FFFF            1BE16
        COMRAM           00004B-00005F               15
        CONST            000004-000007                4
                         000072-000EFF              E8E
                         003E79-003E79                1
                         0041EA-01FFFF            1BE16
        EEDATA           310000-3103FF              400
        MEDIUMCONST      003E79-003E79                1
                         0041EA-00FFFF             BE16
                         010F00-01FFFF             F100
        RAM              00016B-000E1E              100
        SFR              000E1F-000FFF               E1
        SMALLCONST       003E79-003E79                1
                         0041EA-01FFFF              100
        STACK            00016B-000E1E              CB4

                                  Symbol Table

?_Button_Unscaled_Deviation_Get                                   cstackCOMRAM 000016
?_GetMotorSpeed                                                   cstackCOMRAM 000016
?_MTOUCH_Sensor_RawSample_Get                                     cstackCOMRAM 000016
?_MTOUCH_Slider_Position_Get                                      cstackCOMRAM 000016
?_Slider_FindLeft                                                 cstackCOMRAM 000017
?_Slider_FindMiddle                                               cstackCOMRAM 000017
?_Slider_FindRight                                                cstackCOMRAM 000017
?_abs                                                             cstackCOMRAM 000016
?_calculate_contact_size                                          cstackCOMRAM 000023
?_calculate_position                                              cstackBANK1  000155
?_calculate_raw_position                                          cstackCOMRAM 00002A
?_divide                                                          cstackCOMRAM 000016
?_get_difference                                                  cstackCOMRAM 000016
?_interpolate                                                     cstackCOMRAM 00001D
?_medianFilter                                                    cstackCOMRAM 000016
?_moving_average_filter                                           cstackCOMRAM 000023
?_positional_hysteresis                                           cstackCOMRAM 000023
?i2_abs                                                           cstackCOMRAM 000001
ADCC_SetADTIInterruptHandler@InterruptHandler                     cstackCOMRAM 000016
ApplicationTask@motorSpeed                                        cstackCOMRAM 00001C
Button_Baseline_Initialize@button                                 cstackCOMRAM 000019
Button_Baseline_Update@button                                     cstackCOMRAM 000016
Button_Check_AKS_Block@button                                     cstackCOMRAM 00001E
Button_Check_AKS_Block@check_button                               cstackCOMRAM 000027
Button_Check_AKS_Block@currentAKSGroup                            cstackCOMRAM 000024
Button_Check_AKS_Block@surplus_deviation_check_button             cstackCOMRAM 000025
Button_Check_AKS_Block@surplus_deviation_this_button              cstackCOMRAM 000022
Button_Deviation_Update@button                                    cstackCOMRAM 000016
Button_Deviation_Update@deviation                                 cstackCOMRAM 000022
Button_Reading_Update@button                                      cstackCOMRAM 00001D
Button_Reading_Update_Helper@button                               cstackCOMRAM 000019
Button_Service@button                                             cstackCOMRAM 000032
Button_Service@name                                               cstackCOMRAM 000031
Button_State_Initializing@button                                  cstackCOMRAM 000029
Button_State_NotPressed@button                                    cstackCOMRAM 000029
Button_State_Pressed@button                                       cstackCOMRAM 000029
Button_Tick_helper@button                                         cstackCOMRAM 000016
Button_Unscaled_Deviation_Get@button                              cstackCOMRAM 000016
GetMotorSpeed@adcVal                                              cstackCOMRAM 000016
GetMotorSpeed@retVal                                              cstackCOMRAM 000018
MTOUCH_Button_Deviation_Get@name                                  cstackCOMRAM 000016
MTOUCH_Button_Initialize@button                                   cstackCOMRAM 000018
MTOUCH_Button_Initialize@name                                     cstackCOMRAM 000017
MTOUCH_Button_InitializeAll@button                                cstackCOMRAM 000021
MTOUCH_Button_ServiceAll@button                                   cstackBANK0  0000F3
MTOUCH_Button_SetNotPressedCallback@callback                      cstackCOMRAM 000016
MTOUCH_Button_Tick@i                                              cstackCOMRAM 00001A
MTOUCH_Button_isPressed@name                                      cstackCOMRAM 000017
MTOUCH_Sensor_Calibrate@sensor                                    cstackCOMRAM 000016
MTOUCH_Sensor_Enable@sensor                                       cstackCOMRAM 000016
MTOUCH_Sensor_Initialize@sensor                                   cstackCOMRAM 000018
MTOUCH_Sensor_InitializeAll@sensor                                cstackCOMRAM 000021
MTOUCH_Sensor_RawSample_Get@name                                  cstackCOMRAM 000018
MTOUCH_Sensor_Sampled_ResetAll@sensor                             cstackCOMRAM 000018
MTOUCH_Sensor_Service@sensor                                      cstackCOMRAM 00000E
MTOUCH_Sensor_isCalibrated@sensor                                 cstackCOMRAM 000016
MTOUCH_Sensor_isEnabled@sensor                                    cstackCOMRAM 000016
MTOUCH_Sensor_isSamplingComplete@sensor                           cstackCOMRAM 000020
MTOUCH_Sensor_postAcquisitionProcess@name                         cstackCOMRAM 000022
MTOUCH_Sensor_wasSampled@sensor                                   cstackCOMRAM 000016
MTOUCH_Slider_InitializeAll@slider                                cstackCOMRAM 000019
MTOUCH_Slider_Position_Get@sliderName                             cstackCOMRAM 000018
MTOUCH_Slider_ServiceAll@slider                                   cstackCOMRAM 000033
MTOUCH_Slider_SetPositionChangedCallback@callback                 cstackCOMRAM 000016
PWM4_LoadDutyValue@dutyValue                                      cstackCOMRAM 000016
ProcessButtonRelease@button                                       cstackCOMRAM 000018
Sensor_FrequencyHopping_Autotune_Process@frequencyIndex           cstackCOMRAM 000029
Sensor_FrequencyHopping_Autotune_Process@maxVariance              cstackCOMRAM 000025
Sensor_FrequencyHopping_Autotune_Process@newfrequencyFound        cstackCOMRAM 000022
Sensor_FrequencyHopping_Autotune_Process@selectedFrequency        cstackCOMRAM 000028
Sensor_FrequencyHopping_Autotune_Process@sensor                   cstackCOMRAM 000027
Sensor_FrequencyHopping_Autotune_Process@variance                 cstackCOMRAM 000023
Sensor_FrequencyHopping_Autotune_Process@varianceOverLimitCounter bssBANK0     000091
Sensor_RawSample_Update@result                                    cstackCOMRAM 000020
Sensor_RawSample_Update@sensor                                    cstackCOMRAM 00001E
Sensor_Sampled_Reset@sensor                                       cstackCOMRAM 000016
Sensor_SetTrisBit@TrisBit                                         cstackCOMRAM 000016
Sensor_SetTrisBit@sensor                                          cstackCOMRAM 000019
Sensor_autoCalibration@name                                       cstackCOMRAM 00000B
Sensor_autoCalibration@sensor                                     cstackCOMRAM 000005
Sensor_isCalibrated@sensor                                        cstackCOMRAM 000016
Sensor_isCalibratingAcqTime@sensor                                cstackCOMRAM 000016
Sensor_scheduleNextScan@sensor                                    cstackCOMRAM 00001E
Sensor_scheduleNextScan@skipScan                                  cstackCOMRAM 00001D
Sensor_scheduleNextScan@state                                     cstackCOMRAM 00001C
Sensor_setCalibratAcqTime@sensor                                  cstackCOMRAM 000001
Sensor_setCalibrated@sensor                                       cstackCOMRAM 000001
Sensor_setSampled@sensor                                          cstackCOMRAM 000001
Slider_FindLeft@ref_node                                          cstackCOMRAM 00001A
Slider_FindLeft@slider                                            cstackCOMRAM 000017
Slider_FindMiddle@channelDelta                                    cstackCOMRAM 00001E
Slider_FindMiddle@i                                               cstackCOMRAM 000022
Slider_FindMiddle@maximumDelta                                    cstackCOMRAM 000020
Slider_FindMiddle@slider                                          cstackCOMRAM 000017
Slider_FindRight@ref_node                                         cstackCOMRAM 000020
Slider_FindRight@slider                                           cstackCOMRAM 000017
Slider_Initialize@slider                                          cstackCOMRAM 000017
Slider_Initialize@sliderName                                      cstackCOMRAM 000016
Slider_Service@group_status                                       cstackBANK1  000161
Slider_Service@position                                           cstackBANK1  000163
Slider_Service@segment                                            cstackBANK1  000166
Slider_Service@slider                                             cstackBANK1  000169
Slider_Service@sliderName                                         cstackBANK1  000168
Slider_Service@status                                             cstackBANK1  000165
Slider_Service@valid_contact_found                                cstackBANK1  000162
_ADACC                                                            (abs)        000F6B
_ADACCH                                                           (abs)        000F6C
_ADACCL                                                           (abs)        000F6B
_ADACQ                                                            (abs)        000F57
_ADACT                                                            (abs)        000F51
_ADCAP                                                            (abs)        000F58
_ADCC_ADTI_InterruptHandler                                       nvBANK0      0000FD
_ADCC_DefaultInterruptHandler                                     text91       0041E8
_ADCC_Initialize                                                  text8        003604
_ADCC_SetADTIInterruptHandler                                     text54       00417E
_ADCC_ThresholdISR                                                text90       003D80
_ADCC_ThresholdISR_mTouch                                         text92       0041A4
_ADCLK                                                            (abs)        000F52
_ADCNT                                                            (abs)        000F62
_ADCON0                                                           (abs)        000F5B
_ADCON0bits                                                       (abs)        000F5B
_ADCON1                                                           (abs)        000F54
_ADCON1bits                                                       (abs)        000F54
_ADCON2                                                           (abs)        000F55
_ADCON2bits                                                       (abs)        000F55
_ADCON3                                                           (abs)        000F56
_ADCON3bits                                                       (abs)        000F56
_ADERRH                                                           (abs)        000F6A
_ADERRL                                                           (abs)        000F69
_ADFLTR                                                           (abs)        000F6D
_ADFLTRH                                                          (abs)        000F6E
_ADFLTRL                                                          (abs)        000F6D
_ADLTHH                                                           (abs)        000F66
_ADLTHL                                                           (abs)        000F65
_ADPCH                                                            (abs)        000F5A
_ADPRE                                                            (abs)        000F59
_ADPREVH                                                          (abs)        000F5D
_ADPREVL                                                          (abs)        000F5C
_ADREF                                                            (abs)        000F53
_ADRESH                                                           (abs)        000F5F
_ADRESL                                                           (abs)        000F5E
_ADRPT                                                            (abs)        000F61
_ADSTAT                                                           (abs)        000F60
_ADSTATbits                                                       (abs)        000F60
_ADSTPTH                                                          (abs)        000F64
_ADSTPTL                                                          (abs)        000F63
_ADUTHH                                                           (abs)        000F68
_ADUTHL                                                           (abs)        000F67
_ANSELA                                                           (abs)        000F0C
_ANSELB                                                           (abs)        000F14
_ANSELC                                                           (abs)        000F1C
_ANSELD                                                           (abs)        000F21
_ANSELE                                                           (abs)        000F29
_ApplicationTask                                                  text82       001AF4
_BUTTON                                                           bssBANK0     00008D
_Button_Baseline_Initialize                                       text76       003732
_Button_Baseline_Update                                           text75       0026B4
_Button_Check_AKS_Block                                           text73       0022F2
_Button_DefaultCallback                                           text69       0041E6
_Button_Deviation_Update                                          text80       00258A
_Button_Reading_Update                                            text77       003DEA
_Button_Reading_Update_Helper                                     text78       00315E
_Button_Service                                                   text63       002D82
_Button_StateMachine                                              dataBANK0    0000C4
_Button_State_Initializing                                        text67       002CA0
_Button_State_NotPressed                                          text66       001528
_Button_State_Pressed                                             text68       0027C4
_Button_Tick_helper                                               text14       00366A
_Button_Unscaled_Deviation_Get                                    text74       00383C
_CCPTMRSbits                                                      (abs)        000FAD
_ClearButton                                                      text88       0041B6
_ClearEvent                                                       text87       0041AE
_GIE                                                              (abs)        007F97
_GetButton                                                        text86       0041D0
_GetEvent                                                         text85       0041CA
_GetMotorSpeed                                                    text84       001CB4
_INLVLA                                                           (abs)        000F08
_INLVLB                                                           (abs)        000F10
_INLVLC                                                           (abs)        000F18
_INLVLD                                                           (abs)        000F1D
_INLVLE                                                           (abs)        000F25
_INTCONbits                                                       (abs)        000FF2
_INTERRUPT_Initialize                                             text7        0041D6
_INTERRUPT_InterruptManager                                       intcode      000008
_LATA                                                             (abs)        000F82
_LATB                                                             (abs)        000F83
_LATBbits                                                         (abs)        000F83
_LATC                                                             (abs)        000F84
_LATCbits                                                         (abs)        000F84
_LATD                                                             (abs)        000F85
_LATDbits                                                         (abs)        000F85
_LATE                                                             (abs)        000F86
_MTOUCH_Button_Deviation_Get                                      text28       003EA6
_MTOUCH_Button_Initialize                                         text71       003592
_MTOUCH_Button_InitializeAll                                      text60       003C9E
_MTOUCH_Button_ServiceAll                                         text62       003FDA
_MTOUCH_Button_SetNotPressedCallback                              text81       00418C
_MTOUCH_Button_Tick                                               text13       003E7A
_MTOUCH_Button_isPressed                                          text32       003A6E
_MTOUCH_Initialize                                                text49       00413A
_MTOUCH_Sensor_ADCC_Initialize                                    text53       0039D2
_MTOUCH_Sensor_Calibrate                                          text72       003F22
_MTOUCH_Sensor_Enable                                             text59       003EFA
_MTOUCH_Sensor_Initialize                                         text57       003F94
_MTOUCH_Sensor_InitializeAll                                      text56       003C64
_MTOUCH_Sensor_RawSample_Get                                      text79       003D48
_MTOUCH_Sensor_SampleAll                                          text33       003F4A
_MTOUCH_Sensor_Sampled_ResetAll                                   text55       0038E2
_MTOUCH_Sensor_Scan_Initialize                                    text52       0041C4
_MTOUCH_Sensor_Service                                            text93       0029D4
_MTOUCH_Sensor_isCalibrated                                       text65       003BAA
_MTOUCH_Sensor_isEnabled                                          text47       003B2E
_MTOUCH_Sensor_isSampling                                         text48       0041DE
_MTOUCH_Sensor_isSamplingComplete                                 text42       0036CE
_MTOUCH_Sensor_postAcquisitionProcess                             text38       003890
_MTOUCH_Sensor_wasSampled                                         text64       003B6C
_MTOUCH_Service_Mainloop                                          text10       003934
_MTOUCH_Slider_InitializeAll                                      text50       00409A
_MTOUCH_Slider_Position_Get                                       text31       003D10
_MTOUCH_Slider_ServiceAll                                         text15       003F70
_MTOUCH_Slider_SetPositionChangedCallback                         text9        004170
_MTOUCH_Tick                                                      text12       0041BE
_MTOUCH_needReburst                                               text11       0041DA
_ODCONA                                                           (abs)        000F0A
_ODCONB                                                           (abs)        000F12
_ODCONC                                                           (abs)        000F1A
_ODCOND                                                           (abs)        000F1F
_ODCONE                                                           (abs)        000F27
_OSCCON1                                                          (abs)        000ED3
_OSCCON3                                                          (abs)        000ED5
_OSCEN                                                            (abs)        000ED7
_OSCFRQ                                                           (abs)        000ED9
_OSCILLATOR_Initialize                                            text6        00410C
_OSCTUNE                                                          (abs)        000ED8
_PIE1bits                                                         (abs)        000EBE
_PIN_MANAGER_Initialize                                           text5        00350C
_PIR1bits                                                         (abs)        000EC6
_PIR4bits                                                         (abs)        000EC9
_PMD0                                                             (abs)        000EDC
_PMD1                                                             (abs)        000EDD
_PMD2                                                             (abs)        000EDE
_PMD3                                                             (abs)        000EDF
_PMD4                                                             (abs)        000EE0
_PMD5                                                             (abs)        000EE1
_PMD_Initialize                                                   text4        0040D6
_PR2                                                              (abs)        000FBB
_PWM4CON                                                          (abs)        000FA1
_PWM4DCH                                                          (abs)        000FA0
_PWM4DCL                                                          (abs)        000F9F
_PWM4_Initialize                                                  text3        004124
_PWM4_LoadDutyValue                                               text83       003DB6
_ProcessButtonRelease                                             text70       003A20
_ProcessSliderChange                                              text29       0040F2
_RA3PPS                                                           (abs)        000EE5
_SLRCONA                                                          (abs)        000F09
_SLRCONB                                                          (abs)        000F11
_SLRCONC                                                          (abs)        000F19
_SLRCOND                                                          (abs)        000F1E
_SLRCONE                                                          (abs)        000F26
_SYSTEM_Initialize                                                text1        003FB8
_Sensor_DefaultCallback                                           text41       0041E4
_Sensor_FrequencyHopping                                          text34       00419A
_Sensor_FrequencyHopping_Autotune_Process                         text36       001914
_Sensor_RawSample_Update                                          text39       003790
_Sensor_Sampled_Reset                                             text58       004150
_Sensor_SetTrisBit                                                text46       0033EC
_Sensor_autoCalibration                                           text100      002442
_Sensor_isCalibrated                                              text45       00401C
_Sensor_isCalibratingAcqTime                                      text44       003FFC
_Sensor_scheduleNextScan                                          text43       001E6A
_Sensor_setCalibratAcqTime                                        text104      003E1A
_Sensor_setCalibrated                                             text103      0040B8
_Sensor_setSamplePeriod                                           text35       003ED2
_Sensor_setSampled                                                text99       004160
_Slider_DefaultCallback                                           text30       0041E2
_Slider_FindLeft                                                  text27       002E5E
_Slider_FindMiddle                                                text26       0030A8
_Slider_FindRight                                                 text25       002F2E
_Slider_Initialize                                                text51       0032B6
_Slider_Service                                                   text16       001274
_T2CLKCON                                                         (abs)        000FBE
_T2CON                                                            (abs)        000FBC
_T2CONbits                                                        (abs)        000FBC
_T2HLT                                                            (abs)        000FBD
_T2HLTbits                                                        (abs)        000FBD
_T2PR                                                             (abs)        000FBB
_T2RST                                                            (abs)        000FBF
_T2RSTbits                                                        (abs)        000FBF
_T2TMR                                                            (abs)        000FBA
_TMR2                                                             (abs)        000FBA
_TMR2_Initialize                                                  text2        00407C
_TRISA                                                            (abs)        000F87
_TRISAbits                                                        (abs)        000F87
_TRISB                                                            (abs)        000F88
_TRISBbits                                                        (abs)        000F88
_TRISC                                                            (abs)        000F89
_TRISD                                                            (abs)        000F8A
_TRISDbits                                                        (abs)        000F8A
_TRISE                                                            (abs)        000F8B
_WPUA                                                             (abs)        000F0B
_WPUB                                                             (abs)        000F13
_WPUC                                                             (abs)        000F1B
_WPUD                                                             (abs)        000F20
_WPUE                                                             (abs)        000F28
__HRAM                                                            (abs)        000000
__Habs1                                                           abs1         000000
__Hbank0                                                          bank0        000000
__Hbank1                                                          bank1        000000
__Hbank10                                                         bank10       000000
__Hbank11                                                         bank11       000000
__Hbank12                                                         bank12       000000
__Hbank13                                                         bank13       000000
__Hbank14                                                         bank14       000000
__Hbank2                                                          bank2        000000
__Hbank3                                                          bank3        000000
__Hbank4                                                          bank4        000000
__Hbank5                                                          bank5        000000
__Hbank6                                                          bank6        000000
__Hbank7                                                          bank7        000000
__Hbank8                                                          bank8        000000
__Hbank9                                                          bank9        000000
__Hbigbss                                                         bigbss       000000
__Hbigdata                                                        bigdata      000000
__Hbigram                                                         bigram       000000
__Hbss                                                            bss          000000
__HbssBANK0                                                       bssBANK0     000000
__HbssBANK1                                                       bssBANK1     000000
__HbssCOMRAM                                                      bssCOMRAM    000000
__Hcinit                                                          cinit        000000
__Hclrtext                                                        clrtext      000000
__Hcomram                                                         comram       000000
__Hconfig                                                         config       30000C
__Hconst                                                          const        000000
__HcstackBANK0                                                    cstackBANK0  000000
__HcstackBANK1                                                    cstackBANK1  000000
__HcstackCOMRAM                                                   cstackCOMRAM 000000
__Hdata                                                           data         000000
__HdataBANK0                                                      dataBANK0    000000
__Heeprom_data                                                    eeprom_data  000000
__Hfarbss                                                         farbss       000000
__Hfardata                                                        fardata      000000
__Hibigdata                                                       ibigdata     000000
__Hidata                                                          idata        000000
__HidataBANK0                                                     idataBANK0   000000
__Hidloc                                                          idloc        200100
__Hifardata                                                       ifardata     000000
__Hinit                                                           init         000072
__Hintcode                                                        intcode      00006E
__Hintcode_body                                                   intcode_body 000000
__Hintcodelo                                                      intcodelo    00006E
__Hintentry                                                       intentry     000000
__Hintret                                                         intret       000000
__Hintsave_regs                                                   intsave_regs 000000
__Hirdata                                                         irdata       000000
__Hmediumconst                                                    mediumconst  000000
__HnvBANK0                                                        nvBANK0      000000
__HnvFARRAM                                                       nvFARRAM     000000
__Hnvbit                                                          nvbit        000000
__Hnvrram                                                         nvrram       000000
__Hparam                                                          rparam       000000
__Hpowerup                                                        powerup      00006E
__Hram                                                            ram          000000
__Hramtop                                                         ramtop       000F00
__Hrbit                                                           rbit         000000
__Hrbss                                                           rbss         000000
__Hrdata                                                          rdata        000000
__Hreset_vec                                                      reset_vec    000004
__Hrparam                                                         rparam       000000
__Hsfr                                                            sfr          000000
__Hsmallconst                                                     smallconst   000F84
__Hspace_0                                                        (abs)        0041EA
__Hspace_1                                                        (abs)        00016B
__Hspace_2                                                        (abs)        000000
__Hspace_4                                                        (abs)        60000C
__Hstack                                                          stack        000000
__Hstruct                                                         struct       000000
__Htemp                                                           temp         00004B
__Htext                                                           text         000000
__Htext0                                                          text0        000000
__Htext1                                                          text1        000000
__Htext10                                                         text10       000000
__Htext100                                                        text100      000000
__Htext101                                                        text101      000000
__Htext102                                                        text102      000000
__Htext103                                                        text103      000000
__Htext104                                                        text104      000000
__Htext105                                                        text105      000000
__Htext11                                                         text11       000000
__Htext12                                                         text12       000000
__Htext13                                                         text13       000000
__Htext14                                                         text14       000000
__Htext15                                                         text15       000000
__Htext16                                                         text16       000000
__Htext17                                                         text17       000000
__Htext18                                                         text18       000000
__Htext19                                                         text19       000000
__Htext2                                                          text2        000000
__Htext20                                                         text20       000000
__Htext21                                                         text21       000000
__Htext22                                                         text22       000000
__Htext23                                                         text23       000000
__Htext24                                                         text24       000000
__Htext25                                                         text25       000000
__Htext26                                                         text26       000000
__Htext27                                                         text27       000000
__Htext28                                                         text28       000000
__Htext29                                                         text29       000000
__Htext3                                                          text3        000000
__Htext30                                                         text30       000000
__Htext31                                                         text31       000000
__Htext32                                                         text32       000000
__Htext33                                                         text33       000000
__Htext34                                                         text34       000000
__Htext35                                                         text35       000000
__Htext36                                                         text36       000000
__Htext37                                                         text37       000000
__Htext38                                                         text38       000000
__Htext39                                                         text39       000000
__Htext4                                                          text4        000000
__Htext40                                                         text40       000000
__Htext41                                                         text41       000000
__Htext42                                                         text42       000000
__Htext43                                                         text43       000000
__Htext44                                                         text44       000000
__Htext45                                                         text45       000000
__Htext46                                                         text46       000000
__Htext47                                                         text47       000000
__Htext48                                                         text48       000000
__Htext49                                                         text49       000000
__Htext5                                                          text5        000000
__Htext50                                                         text50       000000
__Htext51                                                         text51       000000
__Htext52                                                         text52       000000
__Htext53                                                         text53       000000
__Htext54                                                         text54       000000
__Htext55                                                         text55       000000
__Htext56                                                         text56       000000
__Htext57                                                         text57       000000
__Htext58                                                         text58       000000
__Htext59                                                         text59       000000
__Htext6                                                          text6        000000
__Htext60                                                         text60       000000
__Htext61                                                         text61       000000
__Htext62                                                         text62       000000
__Htext63                                                         text63       000000
__Htext64                                                         text64       000000
__Htext65                                                         text65       000000
__Htext66                                                         text66       000000
__Htext67                                                         text67       000000
__Htext68                                                         text68       000000
__Htext69                                                         text69       000000
__Htext7                                                          text7        000000
__Htext70                                                         text70       000000
__Htext71                                                         text71       000000
__Htext72                                                         text72       000000
__Htext73                                                         text73       000000
__Htext74                                                         text74       000000
__Htext75                                                         text75       000000
__Htext76                                                         text76       000000
__Htext77                                                         text77       000000
__Htext78                                                         text78       000000
__Htext79                                                         text79       000000
__Htext8                                                          text8        000000
__Htext80                                                         text80       000000
__Htext81                                                         text81       000000
__Htext82                                                         text82       000000
__Htext83                                                         text83       000000
__Htext84                                                         text84       000000
__Htext85                                                         text85       000000
__Htext86                                                         text86       000000
__Htext87                                                         text87       000000
__Htext88                                                         text88       000000
__Htext9                                                          text9        000000
__Htext90                                                         text90       000000
__Htext91                                                         text91       000000
__Htext92                                                         text92       000000
__Htext93                                                         text93       000000
__Htext94                                                         text94       000000
__Htext95                                                         text95       000000
__Htext96                                                         text96       000000
__Htext97                                                         text97       000000
__Htext98                                                         text98       000000
__Htext99                                                         text99       000000
__LRAM                                                            (abs)        000001
__Labs1                                                           abs1         000000
__Lbank0                                                          bank0        000000
__Lbank1                                                          bank1        000000
__Lbank10                                                         bank10       000000
__Lbank11                                                         bank11       000000
__Lbank12                                                         bank12       000000
__Lbank13                                                         bank13       000000
__Lbank14                                                         bank14       000000
__Lbank2                                                          bank2        000000
__Lbank3                                                          bank3        000000
__Lbank4                                                          bank4        000000
__Lbank5                                                          bank5        000000
__Lbank6                                                          bank6        000000
__Lbank7                                                          bank7        000000
__Lbank8                                                          bank8        000000
__Lbank9                                                          bank9        000000
__Lbigbss                                                         bigbss       000000
__Lbigdata                                                        bigdata      000000
__Lbigram                                                         bigram       000000
__Lbss                                                            bss          000000
__LbssBANK0                                                       bssBANK0     000000
__LbssBANK1                                                       bssBANK1     000000
__LbssCOMRAM                                                      bssCOMRAM    000000
__Lcinit                                                          cinit        000000
__Lclrtext                                                        clrtext      000000
__Lcomram                                                         comram       000000
__Lconfig                                                         config       000000
__Lconst                                                          const        000000
__LcstackBANK0                                                    cstackBANK0  000000
__LcstackBANK1                                                    cstackBANK1  000000
__LcstackCOMRAM                                                   cstackCOMRAM 000000
__Ldata                                                           data         000000
__LdataBANK0                                                      dataBANK0    000000
__Leeprom_data                                                    eeprom_data  000000
__Lfarbss                                                         farbss       000000
__Lfardata                                                        fardata      000000
__Libigdata                                                       ibigdata     000000
__Lidata                                                          idata        000000
__LidataBANK0                                                     idataBANK0   000000
__Lidloc                                                          idloc        000000
__Lifardata                                                       ifardata     000000
__Linit                                                           init         00006E
__Lintcode                                                        intcode      000008
__Lintcode_body                                                   intcode_body 000000
__Lintcodelo                                                      intcodelo    00006E
__Lintentry                                                       intentry     000000
__Lintret                                                         intret       000000
__Lintsave_regs                                                   intsave_regs 000000
__Lirdata                                                         irdata       000000
__Lmediumconst                                                    mediumconst  000000
__LnvBANK0                                                        nvBANK0      000000
__LnvFARRAM                                                       nvFARRAM     000000
__Lnvbit                                                          nvbit        000000
__Lnvrram                                                         nvrram       000000
__Lparam                                                          rparam       000000
__Lpowerup                                                        powerup      00006E
__Lram                                                            ram          000000
__Lramtop                                                         ramtop       000F00
__Lrbit                                                           rbit         000000
__Lrbss                                                           rbss         000000
__Lrdata                                                          rdata        000000
__Lreset_vec                                                      reset_vec    000000
__Lrparam                                                         rparam       000000
__Lsfr                                                            sfr          000000
__Lsmallconst                                                     smallconst   000F00
__Lspace_0                                                        (abs)        000000
__Lspace_1                                                        (abs)        000000
__Lspace_2                                                        (abs)        000000
__Lspace_4                                                        (abs)        000000
__Lstack                                                          stack        000000
__Lstruct                                                         struct       000000
__Ltemp                                                           temp         00004A
__Ltext                                                           text         000000
__Ltext0                                                          text0        000000
__Ltext1                                                          text1        000000
__Ltext10                                                         text10       000000
__Ltext100                                                        text100      000000
__Ltext101                                                        text101      000000
__Ltext102                                                        text102      000000
__Ltext103                                                        text103      000000
__Ltext104                                                        text104      000000
__Ltext105                                                        text105      000000
__Ltext11                                                         text11       000000
__Ltext12                                                         text12       000000
__Ltext13                                                         text13       000000
__Ltext14                                                         text14       000000
__Ltext15                                                         text15       000000
__Ltext16                                                         text16       000000
__Ltext17                                                         text17       000000
__Ltext18                                                         text18       000000
__Ltext19                                                         text19       000000
__Ltext2                                                          text2        000000
__Ltext20                                                         text20       000000
__Ltext21                                                         text21       000000
__Ltext22                                                         text22       000000
__Ltext23                                                         text23       000000
__Ltext24                                                         text24       000000
__Ltext25                                                         text25       000000
__Ltext26                                                         text26       000000
__Ltext27                                                         text27       000000
__Ltext28                                                         text28       000000
__Ltext29                                                         text29       000000
__Ltext3                                                          text3        000000
__Ltext30                                                         text30       000000
__Ltext31                                                         text31       000000
__Ltext32                                                         text32       000000
__Ltext33                                                         text33       000000
__Ltext34                                                         text34       000000
__Ltext35                                                         text35       000000
__Ltext36                                                         text36       000000
__Ltext37                                                         text37       000000
__Ltext38                                                         text38       000000
__Ltext39                                                         text39       000000
__Ltext4                                                          text4        000000
__Ltext40                                                         text40       000000
__Ltext41                                                         text41       000000
__Ltext42                                                         text42       000000
__Ltext43                                                         text43       000000
__Ltext44                                                         text44       000000
__Ltext45                                                         text45       000000
__Ltext46                                                         text46       000000
__Ltext47                                                         text47       000000
__Ltext48                                                         text48       000000
__Ltext49                                                         text49       000000
__Ltext5                                                          text5        000000
__Ltext50                                                         text50       000000
[...]
		Unchanged: 
 Data sizes:     COMRAM   BANK0   BANK1   BANK2   BANK3   BANK4   BANK5   BANK6   BANK7   BANK8   BANK9  BANK10  BANK11  BANK12  BANK13  BANK14
      Params:         1       0       0       0       0       0       0       0       0       0       0       0       0       0       0       0
      Locals:         1       0       0       0       0       0       0       0       0       0       0       0       0       0       0       0
      Temps:          2       0       0       0       0       0       0       0       0       0       0       0       0       0       0       0
      Totals:         4       0       0       0       0       0       0       0       0       0       0       0       0       0       0       0
Total ram usage:        4 bytes
 Hardware stack levels used:    1
 This function calls:
		Nothing
 This function is called by:
		_MTOUCH_Sensor_Service
		i2_Sensor_scheduleNextScan
 This function uses a non-reentrant model


 *************** function i2_MTOUCH_Sensor_wasSampled *****************
 Defined at:
		line 897 in file "mcc_generated_files/mtouch/mtouch_sensor.c"
 Parameters:    Size  Location     Type
  sensor          1    wreg     enum E12845
 Auto vars:     Size  Location     Type
  sensor          1    0[COMRAM] enum E12845
 Return value:  Size  Location     Type
                  1    wreg      _Bool 
 Registers used:
		wreg, fsr2l, fsr2h, status,2, status,0, prodl, prodh
 Tracked objects:
		On entry : 
		On exit  : 
		Unchanged: 
 Data sizes:     COMRAM   BANK0   BANK1   BANK2   BANK3   BANK4   BANK5   BANK6   BANK7   BANK8   BANK9  BANK10  BANK11  BANK12  BANK13  BANK14
      Params:         0       0       0       0       0       0       0       0       0       0       0       0       0       0       0       0
      Locals:         1       0       0       0       0       0       0       0       0       0       0       0       0       0       0       0
      Temps:          0       0       0       0       0       0       0       0       0       0       0       0       0       0       0       0
      Totals:         1       0       0       0       0       0       0       0       0       0       0       0       0       0       0       0
Total ram usage:        1 bytes
 Hardware stack levels used:    1
 This function calls:
		Nothing
 This function is called by:
		i2_Sensor_scheduleNextScan
 This function uses a non-reentrant model


 *************** function i2_MTOUCH_Sensor_isEnabled *****************
 Defined at:
		line 785 in file "mcc_generated_files/mtouch/mtouch_sensor.c"
 Parameters:    Size  Location     Type
  sensor          1    wreg     enum E12845
 Auto vars:     Size  Location     Type
  sensor          1    0[COMRAM] enum E12845
 Return value:  Size  Location     Type
                  1    wreg      _Bool 
 Registers used:
		wreg, fsr2l, fsr2h, status,2, status,0, prodl, prodh
 Tracked objects:
		On entry : 
		On exit  : 
		Unchanged: 
 Data sizes:     COMRAM   BANK0   BANK1   BANK2   BANK3   BANK4   BANK5   BANK6   BANK7   BANK8   BANK9  BANK10  BANK11  BANK12  BANK13  BANK14
      Params:         0       0       0       0       0       0       0       0       0       0       0       0       0       0       0       0
      Locals:         1       0       0       0       0       0       0       0       0       0       0       0       0       0       0       0
      Temps:          0       0       0       0       0       0       0       0       0       0       0       0       0       0       0       0
      Totals:         1       0       0       0       0       0       0       0       0       0       0       0       0       0       0       0
Total ram usage:        1 bytes
 Hardware stack levels used:    1
 This function calls:
		Nothing
 This function is called by:
		i2_Sensor_scheduleNextScan
 This function uses a non-reentrant model


 *************** function _Sensor_setSampled *****************
 Defined at:
		line 910 in file "mcc_generated_files/mtouch/mtouch_sensor.c"
 Parameters:    Size  Location     Type
  sensor          2    0[COMRAM] PTR struct .
		 -> mtouch_sensor(45), 
 Auto vars:     Size  Location     Type
		None
 Return value:  Size  Location     Type
                  1    wreg      void 
 Registers used:
		wreg, fsr2l, fsr2h, status,2, status,0
 Tracked objects:
		On entry : 
		On exit  : 
		Unchanged: 
 Data sizes:     COMRAM   BANK0   BANK1   BANK2   BANK3   BANK4   BANK5   BANK6   BANK7   BANK8   BANK9  BANK10  BANK11  BANK12  BANK13  BANK14
      Params:         2       0       0       0       0       0       0       0       0       0       0       0       0       0       0       0
      Locals:         0       0       0       0       0       0       0       0       0       0       0       0       0       0       0       0
      Temps:          0       0       0       0       0       0       0       0       0       0       0       0       0       0       0       0
      Totals:         2       0       0       0       0       0       0       0       0       0       0       0       0       0       0       0
Total ram usage:        2 bytes
 Hardware stack levels used:    1
 This function calls:
		Nothing
 This function is called by:
		_MTOUCH_Sensor_Service
 This function uses a non-reentrant model


 *************** function _Sensor_autoCalibration *****************
 Defined at:
		line 454 in file "mcc_generated_files/mtouch/mtouch_sensor.c"
 Parameters:    Size  Location     Type
  sensor          2    4[COMRAM] PTR struct .
		 -> mtouch_sensor(45), 
 Auto vars:     Size  Location     Type
  name            1   10[COMRAM] enum E12845
 Return value:  Size  Location     Type
                  1    wreg      enum E12851
 Registers used:
		wreg, fsr2l, fsr2h, status,2, status,0, prodl, prodh, cstack
 Tracked objects:
		On entry : 
		On exit  : 
		Unchanged: 
 Data sizes:     COMRAM   BANK0   BANK1   BANK2   BANK3   BANK4   BANK5   BANK6   BANK7   BANK8   BANK9  BANK10  BANK11  BANK12  BANK13  BANK14
      Params:         2       0       0       0       0       0       0       0       0       0       0       0       0       0       0       0
      Locals:         1       0       0       0       0       0       0       0       0       0       0       0       0       0       0       0
      Temps:          4       0       0       0       0       0       0       0       0       0       0       0       0       0       0       0
      Totals:         7       0       0       0       0       0       0       0       0       0       0       0       0       0       0       0
Total ram usage:        7 bytes
 Hardware stack levels used:    1
 Hardware stack levels required when called:    1
 This function calls:
		_Sensor_setCalibratAcqTime
		_Sensor_setCalibrated
		i2_Sensor_isCalibratingAcqTime
		i2_abs
 This function is called by:
		_MTOUCH_Sensor_Service
 This function uses a non-reentrant model


 *************** function i2_abs *****************
 Defined at:
		line 1 in file "C:\Program Files\Microchip\xc8\v2.30\pic\sources\c99\common\abs.c"
 Parameters:    Size  Location     Type
  a               2    0[COMRAM] int 
 Auto vars:     Size  Location     Type
		None
 Return value:  Size  Location     Type
                  2    0[COMRAM] int 
 Registers used:
		wreg, status,2, status,0
 Tracked objects:
		On entry : 
		On exit  : 
		Unchanged: 
 Data sizes:     COMRAM   BANK0   BANK1   BANK2   BANK3   BANK4   BANK5   BANK6   BANK7   BANK8   BANK9  BANK10  BANK11  BANK12  BANK13  BANK14
      Params:         2       0       0       0       0       0       0       0       0       0       0       0       0       0       0       0
      Locals:         0       0       0       0       0       0       0       0       0       0       0       0       0       0       0       0
      Temps:          2       0       0       0       0       0       0       0       0       0       0       0       0       0       0       0
      Totals:         4       0       0       0       0       0       0       0       0       0       0       0       0       0       0       0
Total ram usage:        4 bytes
 Hardware stack levels used:    1
 This function calls:
		Nothing
 This function is called by:
		_Sensor_autoCalibration
		_MTOUCH_Sensor_Service
 This function uses a non-reentrant model


 *************** function i2_Sensor_isCalibratingAcqTime *****************
 Defined at:
		line 875 in file "mcc_generated_files/mtouch/mtouch_sensor.c"
 Parameters:    Size  Location     Type
  sensor          2    0[COMRAM] PTR struct .
		 -> mtouch_sensor(45), 
 Auto vars:     Size  Location     Type
		None
 Return value:  Size  Location     Type
                  1    wreg      _Bool 
 Registers used:
		wreg, fsr2l, fsr2h, status,2, status,0
 Tracked objects:
		On entry : 
		On exit  : 
		Unchanged: 
 Data sizes:     COMRAM   BANK0   BANK1   BANK2   BANK3   BANK4   BANK5   BANK6   BANK7   BANK8   BANK9  BANK10  BANK11  BANK12  BANK13  BANK14
      Params:         2       0       0       0       0       0       0       0       0       0       0       0       0       0       0       0
      Locals:         0       0       0       0       0       0       0       0       0       0       0       0       0       0       0       0
      Temps:          0       0       0       0       0       0       0       0       0       0       0       0       0       0       0       0
      Totals:         2       0       0       0       0       0       0       0       0       0       0       0       0       0       0       0
Total ram usage:        2 bytes
 Hardware stack levels used:    1
 This function calls:
		Nothing
 This function is called by:
		_Sensor_autoCalibration
		i2_Sensor_scheduleNextScan
 This function uses a non-reentrant model


 *************** function _Sensor_setCalibrated *****************
 Defined at:
		line 862 in file "mcc_generated_files/mtouch/mtouch_sensor.c"
 Parameters:    Size  Location     Type
  sensor          2    0[COMRAM] PTR struct .
		 -> mtouch_sensor(45), 
 Auto vars:     Size  Location     Type
		None
 Return value:  Size  Location     Type
                  1    wreg      void 
 Registers used:
		wreg, fsr2l, fsr2h, status,2, status,0
 Tracked objects:
		On entry : 
		On exit  : 
		Unchanged: 
 Data sizes:     COMRAM   BANK0   BANK1   BANK2   BANK3   BANK4   BANK5   BANK6   BANK7   BANK8   BANK9  BANK10  BANK11  BANK12  BANK13  BANK14
      Params:         2       0       0       0       0       0       0       0       0       0       0       0       0       0       0       0
      Locals:         0       0       0       0       0       0       0       0       0       0       0       0       0       0       0       0
      Temps:          0       0       0       0       0       0       0       0       0       0       0       0       0       0       0       0
      Totals:         2       0       0       0       0       0       0       0       0       0       0       0       0       0       0       0
Total ram usage:        2 bytes
 Hardware stack levels used:    1
 This function calls:
		Nothing
 This function is called by:
		_Sensor_autoCalibration
 This function uses a non-reentrant model


 *************** function _Sensor_setCalibratAcqTime *****************
 Defined at:
		line 868 in file "mcc_generated_files/mtouch/mtouch_sensor.c"
 Parameters:    Size  Location     Type
  sensor          2    0[COMRAM] PTR struct .
		 -> mtouch_sensor(45), 
 Auto vars:     Size  Location     Type
		None
 Return value:  Size  Location     Type
                  1    wreg      void 
 Registers used:
		wreg, fsr2l, fsr2h, status,2, status,0
 Tracked objects:
		On entry : 
		On exit  : 
		Unchanged: 
 Data sizes:     COMRAM   BANK0   BANK1   BANK2   BANK3   BANK4   BANK5   BANK6   BANK7   BANK8   BANK9  BANK10  BANK11  BANK12  BANK13  BANK14
      Params:         2       0       0       0       0       0       0       0       0       0       0       0       0       0       0       0
      Locals:         0       0       0       0       0       0       0       0       0       0       0       0       0       0       0       0
      Temps:          0       0       0       0       0       0       0       0       0       0       0       0       0       0       0       0
      Totals:         2       0       0       0       0       0       0       0       0       0       0       0       0       0       0       0
Total ram usage:        2 bytes
 Hardware stack levels used:    1
 This function calls:
		Nothing
 This function is called by:
		_Sensor_autoCalibration
 This function uses a non-reentrant model



MODULE INFORMATION

Module		Function		Class		Link	Load	Size
mcc_generated_files/mtouch/mtouch_button.c
		_Button_Deviation_Update		CODE           	258A	0000	298
		_MTOUCH_Button_SetNotPressedCallback		CODE           	418C	0000	14
		_MTOUCH_Button_isPressed		CODE           	3A6E	0000	64
		_MTOUCH_Button_Initialize		CODE           	3592	0000	114
		_Button_Tick_helper		CODE           	366A	0000	100
		_MTOUCH_Button_InitializeAll		CODE           	3C9E	0000	58
		_Button_Baseline_Update		CODE           	26B4	0000	272
		_Button_State_Pressed		CODE           	27C4	0000	266
		_Button_Reading_Update		CODE           	3DEA	0000	48
		_Button_DefaultCallback		CODE           	41E6	0000	2
		_MTOUCH_Button_Tick		CODE           	3E7A	0000	44
		_Button_Unscaled_Deviation_Get		CODE           	383C	0000	84
		_Button_State_NotPressed		CODE           	1528	0000	506
		_MTOUCH_Button_Deviation_Get		CODE           	3EA6	0000	44
		_Button_Reading_Update_Helper		CODE           	315E	0000	174
		_Button_Service		CODE           	2D82	0000	220
		_Button_State_Initializing		CODE           	2CA0	0000	226
		_Button_Check_AKS_Block		CODE           	22F2	0000	336
		_MTOUCH_Button_ServiceAll		CODE           	3FDA	0000	34
		_Button_Baseline_Initialize		CODE           	3732	0000	94

mcc_generated_files/mtouch/mtouch_button.c estimated size: 2998

C:\Program Files\Microchip\xc8\v2.30\pic\sources\c99\common\abs.c
		_abs           		CODE           	3AAE	0000	64

C:\Program Files\Microchip\xc8\v2.30\pic\sources\c99\common\abs.c estimated size: 64

C:\Program Files\Microchip\xc8\v2.30\pic\sources\c99\common\memcpy.c
		_memcpy        		CODE           	37E6	0000	86

C:\Program Files\Microchip\xc8\v2.30\pic\sources\c99\common\memcpy.c estimated size: 86

mcc_generated_files/pwm4.c
		_PWM4_Initialize		CODE           	4124	0000	22
		_PWM4_LoadDutyValue		CODE           	3DB6	0000	52

mcc_generated_files/pwm4.c estimated size: 74

mcc_generated_files/tmr2.c
		_TMR2_Initialize		CODE           	407C	0000	30

mcc_generated_files/tmr2.c estimated size: 30

mcc_generated_files/interrupt_manager.c
		_INTERRUPT_Initialize		CODE           	41D6	0000	4
		_INTERRUPT_InterruptManager		CODE           	0008	0000	102

mcc_generated_files/interrupt_manager.c estimated size: 106

mcc_generated_files/mtouch/mtouch.c
		_MTOUCH_Tick   		CODE           	41BE	0000	6
		_MTOUCH_Initialize		CODE           	413A	0000	22
		_MTOUCH_Service_Mainloop		CODE           	3934	0000	80
		_MTOUCH_needReburst		CODE           	41DA	0000	4

mcc_generated_files/mtouch/mtouch.c estimated size: 112

mcc_generated_files/pin_manager.c
		_PIN_MANAGER_Initialize		CODE           	350C	0000	134

mcc_generated_files/pin_manager.c estimated size: 134

shared
		i2_Sensor_scheduleNextScan		CODE           	2000	0000	406
		i2_Sensor_isCalibrated		CODE           	403C	0000	32
		i2_abs         		CODE           	3AEE	0000	64
		i2_Sensor_isCalibratingAcqTime		CODE           	405C	0000	32
		__initialization		CODE           	3984	0000	68
		_mtouch_button_init		SMALLCONST     	0F01	0000	85
		_mtouch_sensor_init		SMALLCONST     	0F56	0000	45
		i2_Sensor_SetTrisBit		CODE           	347C	0000	144
		i2_MTOUCH_Sensor_wasSampled		CODE           	3BE8	0000	62
		i2_MTOUCH_Sensor_isEnabled		CODE           	3C26	0000	62

shared estimated size: 1000

mcc_generated_files/mcc.c
		_PMD_Initialize		CODE           	40D6	0000	28
		_OSCILLATOR_Initialize		CODE           	410C	0000	24
		_SYSTEM_Initialize		CODE           	3FB8	0000	34

mcc_generated_files/mcc.c estimated size: 86

mcc_generated_files/mtouch/mtouch_slider.c
		_MTOUCH_Slider_SetPositionChangedCallback		CODE           	4170	0000	14
		_calculate_position		CODE           	3352	0000	154
		_Slider_DefaultCallback		CODE           	41E2	0000	2
		_moving_average_filter		CODE           	28CE	0000	262
		_MTOUCH_Slider_InitializeAll		CODE           	409A	0000	30
		_get_difference		CODE           	2FF2	0000	182
		_positional_hysteresis		CODE           	2196	0000	348
		_divide        		CODE           	2ADA	0000	228
		_calculate_contact_size		CODE           	320C	0000	170
		_Slider_FindRight		CODE           	2F2E	0000	196
		_Slider_FindMiddle		CODE           	30A8	0000	182
		_Slider_Service		CODE           	1274	0000	692
		_Slider_Initialize		CODE           	32B6	0000	156
		_interpolate   		CODE           	2BBE	0000	226
		_Slider_FindLeft		CODE           	2E5E	0000	208
		_MTOUCH_Slider_ServiceAll		CODE           	3F70	0000	36
		_MTOUCH_Slider_Position_Get		CODE           	3D10	0000	56
		_calculate_raw_position		CODE           	0F84	0000	752

mcc_generated_files/mtouch/mtouch_slider.c estimated size: 3894

mcc_generated_files/adcc.c
		_ADCC_DefaultInterruptHandler		CODE           	41E8	0000	2
		_ADCC_SetADTIInterruptHandler		CODE           	417E	0000	14
		_ADCC_ThresholdISR		CODE           	3D80	0000	54
		_ADCC_Initialize		CODE           	3604	0000	102

mcc_generated_files/adcc.c estimated size: 172

application.c
		_GetMotorSpeed 		CODE           	1CB4	0000	438
		_ClearEvent    		CODE           	41AE	0000	8
		_ProcessSliderChange		CODE           	40F2	0000	26
		_GetButton     		CODE           	41D0	0000	6
		_ProcessButtonRelease		CODE           	3A20	0000	78
		_ClearButton   		CODE           	41B6	0000	8
		_GetEvent      		CODE           	41CA	0000	6
		_ApplicationTask		CODE           	1AF4	0000	448

application.c estimated size: 1018

main.c
		_main          		CODE           	3CD8	0000	56

main.c estimated size: 56

mcc_generated_files/mtouch/mtouch_sensor.c
		_MTOUCH_Sensor_isSamplingComplete		CODE           	36CE	0000	100
		_Sensor_setCalibrated		CODE           	40B8	0000	30
		_MTOUCH_Sensor_isEnabled		CODE           	3B2E	0000	62
		_Sensor_FrequencyHopping_Autotune_Process		CODE           	1914	0000	480
		_Sensor_isCalibrated		CODE           	401C	0000	32
		_MTOUCH_Sensor_Initialize		CODE           	3F94	0000	36
		_Sensor_scheduleNextScan		CODE           	1E6A	0000	406
		_Sensor_Sampled_Reset		CODE           	4150	0000	16
		_MTOUCH_Sensor_InitializeAll		CODE           	3C64	0000	58
		_MTOUCH_Sensor_Service		CODE           	29D4	0000	262
		_Sensor_DefaultCallback		CODE           	41E4	0000	2
		_MTOUCH_Sensor_ADCC_Initialize		CODE           	39D2	0000	78
		_MTOUCH_Sensor_postAcquisitionProcess		CODE           	3890	0000	82
		_medianFilter  		CODE           	1722	0000	498
		_MTOUCH_Sensor_isCalibrated		CODE           	3BAA	0000	62
		_MTOUCH_Sensor_Calibrate		CODE           	3F22	0000	40
		_MTOUCH_Sensor_Sampled_ResetAll		CODE           	38E2	0000	82
		_MTOUCH_Sensor_Enable		CODE           	3EFA	0000	40
		_Sensor_setSampled		CODE           	4160	0000	16
		_Sensor_isCalibratingAcqTime		CODE           	3FFC	0000	32
		_MTOUCH_Sensor_RawSample_Get		CODE           	3D48	0000	56
		_MTOUCH_Sensor_SampleAll		CODE           	3F4A	0000	38
		_MTOUCH_Sensor_wasSampled		CODE           	3B6C	0000	62
		_Sensor_SetTrisBit		CODE           	33EC	0000	144
		_Sensor_autoCalibration		CODE           	2442	0000	328
		_MTOUCH_Sensor_Scan_Initialize		CODE           	41C4	0000	6
		_ADCC_ThresholdISR_mTouch		CODE           	41A4	0000	10
		_Sensor_RawSample_Update		CODE           	3790	0000	86
		_MTOUCH_Sensor_isSampling		CODE           	41DE	0000	4
		_Sensor_setCalibratAcqTime		CODE           	3E1A	0000	48
		_Sensor_setSamplePeriod		CODE           	3ED2	0000	40
		_Sensor_FrequencyHopping		CODE           	419A	0000	10

mcc_generated_files/mtouch/mtouch_sensor.c estimated size: 3246

