Microchip MPLAB XC8 Compiler V2.46

Linker command line:

-W-3 \
  --edf=C:/Users/I76627/.mchp_packs/Microchip/PIC18F-Q_DFP/1.25.433/xc8\pic\dat\20240223164052_en.msgs \
  -cn \
  -h+dist/default/debug\pic18f47q10-adc-dc-motor-with-touch-interface-mplab-mcc_.X.debug.sym \
  --cmf=dist/default/debug\pic18f47q10-adc-dc-motor-with-touch-interface-mplab-mcc_.X.debug.cmf \
  -z -Q18F47Q10 \
  -oC:\Users\I76627\AppData\Local\Temp\xcAsjr8.\driver_tmp_3.o \
  --defsym=__MPLAB_BUILD=1 --fixupoverflow=error \
  -Mdist/default/debug/pic18f47q10-adc-dc-motor-with-touch-interface-mplab-mcc_.X.debug.map \
  --md=C:\Users\I76627\AppData\Local\Temp\xcAsjr8.\driver_tmp_0.dat -E1 \
  -ver=XC8 Compiler --acfsm=1493 -ACODE=00h-01FFFFh -ACONST=00h-01FFFFh \
  -ASMALLCONST=0F00h-0FFFhx497 -AMEDIUMCONST=0F00h-0FFFFh,010F00h-01FFFFh \
  -ACOMRAM=01h-05Fh -AABS1=00h-0CFFh,0E00h-0E1Eh \
  -ABIGRAM=01h-0CFFh,0E00h-0E1Eh -ARAM=060h-0FFh,0100h-01FFhx12,0E00h-0E1Eh \
  -ABANK0=060h-0FFh -ABANK1=0100h-01FFh -ABANK2=0200h-02FFh \
  -ABANK3=0300h-03FFh -ABANK4=0400h-04FFh -ABANK5=0500h-05FFh \
  -ABANK6=0600h-06FFh -ABANK7=0700h-07FFh -ABANK8=0800h-08FFh \
  -ABANK9=0900h-09FFh -ABANK10=0A00h-0AFFh -ABANK11=0B00h-0BFFh \
  -ABANK12=0C00h-0CFFh -ABANK14=0E00h-0E1Eh \
  -ASFR=0D00h-0DFFh,0E1Fh-0EFFh,0F00h-0F5Fh,0F60h-0FFFh \
  -ABIGSFR=0D00h-0DFFh,0E1Fh-0FFFh -ACONFIG=0300000h-030000Bh \
  -AIDLOC=0200000h-02000FFh -AEEDATA=0310000h-03103FFh -peeprom_data=EEDATA \
  -preset_vec=00h,intcode=8h,intcodelo,powerup,init -pramtop=0F00h \
  -psmallconst=SMALLCONST -pmediumconst=MEDIUMCONST -pconst=CONST \
  -AFARRAM=00h-00h \
  -prdata=COMRAM,nvrram=COMRAM,nvbit=COMRAM,rbss=COMRAM,rbit=COMRAM \
  -pfarbss=FARRAM,fardata=FARRAM,nvFARRAM=FARRAM \
  -pintsave_regs=BIGRAM,bigbss=BIGRAM,bigdata=BIGRAM -pbss=RAM \
  -pidata=CODE,irdata=CODE,ibigdata=CODE,ifardata=CODE -prparam=COMRAM \
  C:\Users\I76627\AppData\Local\Temp\xcAsjr8.\driver_tmp_9.o \
  dist/default/debug\pic18f47q10-adc-dc-motor-with-touch-interface-mplab-mcc_.X.debug.o 

Object code version is 3.11

Machine type is 18F47Q10



                Name                               Link     Load   Length Selector   Space Scale
C:\Users\I76627\AppData\Local\Temp\xcAsjr8.\driver_tmp_9.o
                config                           300000   300000        C        0       4
                init                                 96       96        4        4       0
                reset_vec                             0        0        4        0       0
dist/default/debug\pic18f47q10-adc-dc-motor-with-touch-interface-mplab-mcc_.X.debug.o
                intcode                               8        8       8E        4       0
                config                           300000   300000        C        0       4
                temp                                 4B       4B        1        1       1
                smallconst                          F00      F00       9C      780       0
                text104                            3CB4     3CB4       1A      7CE       0
                text103                            3D94     3D94        E     1E92       0
                text102                            39E6     39E6       34      7CE       0
                text101                            3834     3834       3A      7CE       0
                text100                            37FA     37FA       3A      7CE       0
                text99                             30D2     30D2       90      7CE       0
                text98                             3C7C     3C7C       1E      7CE       0
                text97                             3C5E     3C5E       1E      7CE       0
                text96                             1DB4     1DB4      186      7CE       0
                text95                             253C     253C       FC      7CE       0
                text94                             3DA2     3DA2        A     1E92       0
                text93                             3DEA     3DEA        2     1E92       0
                text92                             3914     3914       36      7CE       0
                text91                             3DE8     3DE8        2     1E92       0
                text89                             3DB4     3DB4        8     1E92       0
                text88                             3DAC     3DAC        8     1E92       0
                text87                             3DD4     3DD4        6     1E92       0
                text86                             3DCE     3DCE        6     1E92       0
                text85                             1734     1734      1B6      7CE       0
                text84                             39B2     39B2       34      7CE       0
                text83                             18EA     18EA      1B4      7CE       0
                text82                             3D86     3D86        E     1E92       0
                text81                             21FC     21FC      12A      7CE       0
                text80                             397E     397E       34      7CE       0
                text79                             2E54     2E54       AE      7CE       0
                text78                             3A1A     3A1A       30      7CE       0
                text77                             33F6     33F6       5E      7CE       0
                text76                             2326     2326      110      7CE       0
                text75                             3454     3454       54      7CE       0
                text74                             37C0     37C0       3A      7CE       0
                text73                             1F3A     1F3A      16A      7CE       0
                text72                             3B64     3B64       24      7CE       0
                text71                             32C6     32C6       68      7CE       0
                text70                             35E6     35E6       4E      7CE       0
                text69                             3DE6     3DE6        2     1E92       0
                text68                             2436     2436      106      7CE       0
                text67                             2816     2816       DE      7CE       0
                text66                             154A     154A      1EA      7CE       0
                text65                             3786     3786       3A      7CE       0
                text64                             374C     374C       3A      7CE       0
                text63                             29CE     29CE       D4      7CE       0
                text62                             3B88     3B88       22      7CE       0
                text61                             3548     3548       50      7CE       0
                text60                             38DE     38DE       36      7CE       0
                text59                             3B40     3B40       24      7CE       0
                text58                             3D78     3D78        E     1E92       0
                text57                             3C40     3C40       1E      7CE       0
                text56                             394A     394A       34      7CE       0
                text55                             3634     3634       4A      7CE       0
                text54                             3D6A     3D6A        E     1E92       0
                text53                             3598     3598       4E      7CE       0
                text52                             3DC8     3DC8        6     1E92       0
                text51                             3162     3162       8C      7CE       0
                text50                             3C22     3C22       1E      7CE       0
                text49                             3CFC     3CFC       16      7CE       0
                text48                             3DDE     3DDE        4     1E92       0
                text47                             3042     3042       90      7CE       0
                text46                             3C04     3C04       1E      7CE       0
                text45                             3BE6     3BE6       1E      7CE       0
                text44                             1C2E     1C2E      186      7CE       0
                text43                             3392     3392       64      7CE       0
                text42                             3DE4     3DE4        2     1E92       0
                text41                             1A9E     1A9E      190      7CE       0
                text40                             34F8     34F8       50      7CE       0
                text39                             367E     367E       48      7CE       0
                text38                             3B1C     3B1C       24      7CE       0
                text37                             3DC2     3DC2        6     1E92       0
                text36                             3AF6     3AF6       26      7CE       0
                text35                             370C     370C       40      7CE       0
                text34                             38A6     38A6       38      7CE       0
                text33                             3DE2     3DE2        2     1E92       0
                text32                             3C9A     3C9A       1A      7CE       0
                text31                             3AA4     3AA4       2C      7CE       0
                text30                             2AA2     2AA2       D0      7CE       0
                text29                             2D9E     2D9E       B6      7CE       0
                text28                             2B72     2B72       C0      7CE       0
                text27                             2F02     2F02       AA      7CE       0
                text26                             2732     2732       E4      7CE       0
                text25                             28F4     28F4       DA      7CE       0
                text24                              F9C      F9C      2EC      7CE       0
                text23                             2CE8     2CE8       B6      7CE       0
                text22                             2638     2638       FA      7CE       0
                text21                             20A4     20A4      158      7CE       0
                text20                             2FAC     2FAC       96      7CE       0
                text19                             1288     1288      2C2      7CE       0
                text18                             3AD0     3AD0       26      7CE       0
                text17                             332E     332E       64      7CE       0
                text16                             3A78     3A78       2C      7CE       0
                text15                             3DBC     3DBC        6     1E92       0
                text14                             3DDA     3DDA        4     1E92       0
                text13                             34A8     34A8       50      7CE       0
                text12                             3D5C     3D5C        E     1E92       0
                text11                             325C     325C       6A      7CE       0
                text10                             3CCE     3CCE       18      7CE       0
                text9                              3D4E     3D4E        E     1E92       0
                text8                              3D40     3D40        E     1E92       0
                text7                              3D32     3D32        E     1E92       0
                text6                              36C6     36C6       46      7CE       0
                text5                              2C32     2C32       B6      7CE       0
                text4                              3CE6     3CE6       16      7CE       0
                text3                              3D24     3D24        E     1E92       0
                text2                              3A4A     3A4A       2E      7CE       0
                text1                              3BC8     3BC8       1E      7CE       0
                text0                              386E     386E       38      7CE       0
                cstackCOMRAM                          1        1       32        1       1
                cstackBANK0                          EB       EB        F       60       1
                cstackBANK1                         166      166       10      100       1
                dataBANK1                           155      155       11      100       1
                bssBANK1                            100      100       55      100       1
                dataBANK0                            CD       CD       1E       60       1
                bssBANK0                             60       60       6D       60       1
                bssCOMRAM                            33       33       18        1       1
                cinit                              31EE     31EE       6E      7CE       0
                nvBANK0                              FA       FA        6       60       1
                idataBANK1                         3D12     3D12       11      7CE       0
                idataBANK0                         3BAA     3BAA       1E      7CE       0

TOTAL           Name                               Link     Load   Length     Space
        CLASS   CODE           
                intcode                               8        8       8E         0
                init                                 96       96        4         0
                reset_vec                             0        0        4         0
                text104                            3CB4     3CB4       1A         0
                text103                            3D94     3D94        E         0
                text102                            39E6     39E6       34         0
                text101                            3834     3834       3A         0
                text100                            37FA     37FA       3A         0
                text99                             30D2     30D2       90         0
                text98                             3C7C     3C7C       1E         0
                text97                             3C5E     3C5E       1E         0
                text96                             1DB4     1DB4      186         0
                text95                             253C     253C       FC         0
                text94                             3DA2     3DA2        A         0
                text93                             3DEA     3DEA        2         0
                text92                             3914     3914       36         0
                text91                             3DE8     3DE8        2         0
                text89                             3DB4     3DB4        8         0
                text88                             3DAC     3DAC        8         0
                text87                             3DD4     3DD4        6         0
                text86                             3DCE     3DCE        6         0
                text85                             1734     1734      1B6         0
                text84                             39B2     39B2       34         0
                text83                             18EA     18EA      1B4         0
                text82                             3D86     3D86        E         0
                text81                             21FC     21FC      12A         0
                text80                             397E     397E       34         0
                text79                             2E54     2E54       AE         0
                text78                             3A1A     3A1A       30         0
                text77                             33F6     33F6       5E         0
                text76                             2326     2326      110         0
                text75                             3454     3454       54         0
                text74                             37C0     37C0       3A         0
                text73                             1F3A     1F3A      16A         0
                text72                             3B64     3B64       24         0
                text71                             32C6     32C6       68         0
                text70                             35E6     35E6       4E         0
                text69                             3DE6     3DE6        2         0
                text68                             2436     2436      106         0
                text67                             2816     2816       DE         0
                text66                             154A     154A      1EA         0
                text65                             3786     3786       3A         0
                text64                             374C     374C       3A         0
                text63                             29CE     29CE       D4         0
                text62                             3B88     3B88       22         0
                text61                             3548     3548       50         0
                text60                             38DE     38DE       36         0
                text59                             3B40     3B40       24         0
                text58                             3D78     3D78        E         0
                text57                             3C40     3C40       1E         0
                text56                             394A     394A       34         0
                text55                             3634     3634       4A         0
                text54                             3D6A     3D6A        E         0
                text53                             3598     3598       4E         0
                text52                             3DC8     3DC8        6         0
                text51                             3162     3162       8C         0
                text50                             3C22     3C22       1E         0
                text49                             3CFC     3CFC       16         0
                text48                             3DDE     3DDE        4         0
                text47                             3042     3042       90         0
                text46                             3C04     3C04       1E         0
                text45                             3BE6     3BE6       1E         0
                text44                             1C2E     1C2E      186         0
                text43                             3392     3392       64         0
                text42                             3DE4     3DE4        2         0
                text41                             1A9E     1A9E      190         0
                text40                             34F8     34F8       50         0
                text39                             367E     367E       48         0
                text38                             3B1C     3B1C       24         0
                text37                             3DC2     3DC2        6         0
                text36                             3AF6     3AF6       26         0
                text35                             370C     370C       40         0
                text34                             38A6     38A6       38         0
                text33                             3DE2     3DE2        2         0
                text32                             3C9A     3C9A       1A         0
                text31                             3AA4     3AA4       2C         0
                text30                             2AA2     2AA2       D0         0
                text29                             2D9E     2D9E       B6         0
                text28                             2B72     2B72       C0         0
                text27                             2F02     2F02       AA         0
                text26                             2732     2732       E4         0
                text25                             28F4     28F4       DA         0
                text24                              F9C      F9C      2EC         0
                text23                             2CE8     2CE8       B6         0
                text22                             2638     2638       FA         0
                text21                             20A4     20A4      158         0
                text20                             2FAC     2FAC       96         0
                text19                             1288     1288      2C2         0
                text18                             3AD0     3AD0       26         0
                text17                             332E     332E       64         0
                text16                             3A78     3A78       2C         0
                text15                             3DBC     3DBC        6         0
                text14                             3DDA     3DDA        4         0
                text13                             34A8     34A8       50         0
                text12                             3D5C     3D5C        E         0
                text11                             325C     325C       6A         0
                text10                             3CCE     3CCE       18         0
                text9                              3D4E     3D4E        E         0
                text8                              3D40     3D40        E         0
                text7                              3D32     3D32        E         0
                text6                              36C6     36C6       46         0
                text5                              2C32     2C32       B6         0
                text4                              3CE6     3CE6       16         0
                text3                              3D24     3D24        E         0
                text2                              3A4A     3A4A       2E         0
                text1                              3BC8     3BC8       1E         0
                text0                              386E     386E       38         0
                cinit                              31EE     31EE       6E         0
                idataBANK1                         3D12     3D12       11         0
                idataBANK0                         3BAA     3BAA       1E         0

        CLASS   CONST          

        CLASS   SMALLCONST     
                smallconst                          F00      F00       9C         0

        CLASS   MEDIUMCONST    

        CLASS   COMRAM         
                temp                                 4B       4B        1         1
                cstackCOMRAM                          1        1       32         1
                bssCOMRAM                            33       33       18         1

        CLASS   ABS1           

        CLASS   BIGRAM         

        CLASS   RAM            

        CLASS   BANK0          
                cstackBANK0                          EB       EB        F         1
                dataBANK0                            CD       CD       1E         1
                bssBANK0                             60       60       6D         1
                nvBANK0                              FA       FA        6         1

        CLASS   BANK1          
                cstackBANK1                         166      166       10         1
                dataBANK1                           155      155       11         1
                bssBANK1                            100      100       55         1

        CLASS   BANK2          

        CLASS   BANK3          

        CLASS   BANK4          

        CLASS   BANK5          

        CLASS   BANK6          

        CLASS   BANK7          

        CLASS   BANK8          

        CLASS   BANK9          

        CLASS   BANK10         

        CLASS   BANK11         

        CLASS   BANK12         

        CLASS   BANK14         

        CLASS   SFR            

        CLASS   BIGSFR         

        CLASS   CONFIG         
                config                           300000   300000        C         4

        CLASS   IDLOC          

        CLASS   EEDATA         

        CLASS   FARRAM         

        CLASS   HEAP           

        CLASS   STACK          



SEGMENTS        Name                           Load    Length   Top    Selector   Space  Class

                reset_vec                      000000  000004  000004         0       0  CODE    
                cstackCOMRAM                   000001  00004B  00004C         1       1  COMRAM  
                intcode                        000008  000092  00009A         4       0  CODE    
                bssBANK0                       000060  0000A0  000100        60       1  BANK0   
                bssBANK1                       000100  000076  000176       100       1  BANK1   
                smallconst                     000F00  00009C  000F9C       780       0  SMALLCON
                text24                         000F9C  002D87  003D23       7CE       0  CODE    
                text3                          003D24  0000C8  003DEC      1E92       0  CODE    


UNUSED ADDRESS RANGES

        Name                Unused          Largest block    Delta
        BANK1            000176-0001FF               8A
        BANK10           000A00-000AFF              100
        BANK11           000B00-000BFF              100
        BANK12           000C00-000CFF              100
        BANK14           000E00-000E1E               1F
        BANK2            000200-0002FF              100
        BANK3            000300-0003FF              100
        BANK4            000400-0004FF              100
        BANK5            000500-0005FF              100
        BANK6            000600-0006FF              100
        BANK7            000700-0007FF              100
        BANK8            000800-0008FF              100
        BANK9            000900-0009FF              100
        BIGRAM           00004C-00005F               14
                         000176-000CFF              B8A
                         000E00-000E1E               1F
        BIGSFR           000D00-000DFF              100
                         000E1F-000FFF              1E1
        CODE             000004-000007                4
                         00009A-000EFF              E66
                         003D23-003D23                1
                         003DEC-01FFFF            1C214
        COMRAM           00004C-00005F               14
        CONST            000004-000007                4
                         00009A-000EFF              E66
                         003D23-003D23                1
                         003DEC-01FFFF            1C214
        EEDATA           310000-3103FF              400
        IDLOC            200000-2000FF              100
        MEDIUMCONST      003D23-003D23                1
                         003DEC-00FFFF             C214
                         010F00-01FFFF             F100
        RAM              000176-000CFF              100
                         000E00-000E1E               1F
        SFR              000D00-000DFF              100
                         000E1F-000FFF               E1
        SMALLCONST       003D23-003D23                1
                         003DEC-01FFFF              100

                                  Symbol Table

?_Button_Unscaled_Deviation_Get                       cstackCOMRAM 000015
?_GetMotorSpeed                                       cstackCOMRAM 000015
?_MTOUCH_Sensor_RawSample_Get                         cstackCOMRAM 000015
?_MTOUCH_Slider_Position_Get                          cstackCOMRAM 000015
?_Slider_FindLeft                                     cstackCOMRAM 000016
?_Slider_FindMiddle                                   cstackCOMRAM 000016
?_Slider_FindRight                                    cstackCOMRAM 000016
?_abs                                                 cstackCOMRAM 000001
?_calculate_contact_size                              cstackCOMRAM 000022
?_calculate_position                                  cstackCOMRAM 000031
?_calculate_raw_position                              cstackCOMRAM 000029
?_divide                                              cstackCOMRAM 000015
?_get_difference                                      cstackCOMRAM 000015
?_interpolate                                         cstackCOMRAM 00001C
?_medianFilter                                        cstackCOMRAM 000015
?_moving_average_filter                               cstackCOMRAM 000022
?_positional_hysteresis                               cstackCOMRAM 000022
ADCC_SetADTIInterruptHandler@InterruptHandler         cstackCOMRAM 000015
ApplicationTask@motorSpeed                            cstackCOMRAM 00001B
Button_Baseline_Initialize@button                     cstackCOMRAM 000018
Button_Baseline_Update@button                         cstackCOMRAM 000015
Button_Check_AKS_Block@button                         cstackCOMRAM 00001D
Button_Check_AKS_Block@check_button                   cstackCOMRAM 000026
Button_Check_AKS_Block@currentAKSGroup                cstackCOMRAM 000023
Button_Check_AKS_Block@surplus_deviation_check_button cstackCOMRAM 000024
Button_Check_AKS_Block@surplus_deviation_this_button  cstackCOMRAM 000021
Button_Deviation_Update@button                        cstackCOMRAM 000015
Button_Deviation_Update@deviation                     cstackCOMRAM 000021
Button_Reading_Update@button                          cstackCOMRAM 00001C
Button_Reading_Update_Helper@button                   cstackCOMRAM 000018
Button_Service@button                                 cstackCOMRAM 000031
Button_Service@name                                   cstackCOMRAM 000030
Button_State_Initializing@button                      cstackCOMRAM 000028
Button_State_NotPressed@button                        cstackCOMRAM 000028
Button_State_Pressed@button                           cstackCOMRAM 000028
Button_Tick_helper@button                             cstackCOMRAM 000015
Button_Unscaled_Deviation_Get@button                  cstackCOMRAM 000015
GetMotorSpeed@adcVal                                  cstackCOMRAM 000015
GetMotorSpeed@retVal                                  cstackCOMRAM 000017
INT0_SetInterruptHandler@InterruptHandler             cstackCOMRAM 000015
INT1_SetInterruptHandler@InterruptHandler             cstackCOMRAM 000015
INT2_SetInterruptHandler@InterruptHandler             cstackCOMRAM 000015
MTOUCH_Button_Deviation_Get@name                      cstackCOMRAM 000015
MTOUCH_Button_Initialize@button                       cstackCOMRAM 000017
MTOUCH_Button_Initialize@name                         cstackCOMRAM 000016
MTOUCH_Button_InitializeAll@button                    cstackCOMRAM 00001E
MTOUCH_Button_ServiceAll@button                       cstackBANK0  0000EB
MTOUCH_Button_SetNotPressedCallback@callback          cstackCOMRAM 000015
MTOUCH_Button_Tick@i                                  cstackCOMRAM 000019
MTOUCH_Button_isPressed@name                          cstackCOMRAM 000016
MTOUCH_Sensor_Calibrate@sensor                        cstackCOMRAM 000015
MTOUCH_Sensor_Enable@sensor                           cstackCOMRAM 000015
MTOUCH_Sensor_Initialize@sensor                       cstackCOMRAM 000016
MTOUCH_Sensor_InitializeAll@sensor                    cstackCOMRAM 00001E
MTOUCH_Sensor_RawSample_Get@name                      cstackCOMRAM 000017
MTOUCH_Sensor_Sampled_ResetAll@sensor                 cstackCOMRAM 000017
MTOUCH_Sensor_Service@sensor                          cstackCOMRAM 00000E
MTOUCH_Sensor_isCalibrated@sensor                     cstackCOMRAM 000015
MTOUCH_Sensor_isEnabled@sensor                        cstackCOMRAM 000015
MTOUCH_Sensor_isSamplingComplete@sensor               cstackCOMRAM 000020
MTOUCH_Sensor_postAcquisitionProcess@name             cstackCOMRAM 00001F
MTOUCH_Sensor_wasSampled@sensor                       cstackCOMRAM 000015
MTOUCH_Slider_InitializeAll@slider                    cstackCOMRAM 000018
MTOUCH_Slider_Position_Get@sliderName                 cstackCOMRAM 000017
MTOUCH_Slider_ServiceAll@slider                       cstackBANK0  0000F9
MTOUCH_Slider_SetPositionChangedCallback@callback     cstackCOMRAM 000015
PWM4_LoadDutyValue@dutyValue                          cstackCOMRAM 000015
ProcessButtonRelease@button                           cstackCOMRAM 000017
Sensor_RawSample_Update@result                        cstackCOMRAM 00001D
Sensor_RawSample_Update@sensor                        cstackCOMRAM 00001C
Sensor_Sampled_Reset@sensor                           cstackCOMRAM 000015
Sensor_SetTrisBit@TrisBit                             cstackCOMRAM 000015
Sensor_SetTrisBit@sensor                              cstackCOMRAM 000018
Sensor_isCalibrated@sensor                            cstackCOMRAM 000015
Sensor_isCalibratingAcqTime@sensor                    cstackCOMRAM 000015
Sensor_scheduleNextScan@sensor                        cstackCOMRAM 00001F
Sensor_scheduleNextScan@skipScan                      cstackCOMRAM 00001E
Sensor_scheduleNextScan@state                         cstackCOMRAM 00001D
Sensor_setCalibrated@sensor                           cstackCOMRAM 000001
Sensor_setSampled@sensor                              cstackCOMRAM 000001
Slider_FindLeft@ref_node                              cstackCOMRAM 000019
Slider_FindLeft@slider                                cstackCOMRAM 000016
Slider_FindMiddle@channelDelta                        cstackCOMRAM 00001D
Slider_FindMiddle@i                                   cstackCOMRAM 000021
Slider_FindMiddle@maximumDelta                        cstackCOMRAM 00001F
Slider_FindMiddle@slider                              cstackCOMRAM 000016
Slider_FindRight@ref_node                             cstackCOMRAM 00001F
Slider_FindRight@slider                               cstackCOMRAM 000016
Slider_Initialize@slider                              cstackCOMRAM 000016
Slider_Initialize@sliderName                          cstackCOMRAM 000015
Slider_Service@group_status                           cstackBANK1  00016C
Slider_Service@position                               cstackBANK1  00016E
Slider_Service@segment                                cstackBANK1  000171
Slider_Service@slider                                 cstackBANK1  000174
Slider_Service@sliderName                             cstackBANK1  000173
Slider_Service@status                                 cstackBANK1  000170
Slider_Service@valid_contact_found                    cstackBANK1  00016D
TMR2_OverflowCallbackRegister@InterruptHandler        cstackCOMRAM 000015
_ADACC                                                (abs)        000F6B
_ADACCH                                               (abs)        000F6C
_ADACCL                                               (abs)        000F6B
_ADACQ                                                (abs)        000F57
_ADACT                                                (abs)        000F51
_ADCAP                                                (abs)        000F58
_ADCC_ADTI_InterruptHandler                           nvBANK0      0000FD
_ADCC_DefaultADTI_ISR                                 text93       003DEA
_ADCC_Initialize                                      text11       00325C
_ADCC_SetADTIInterruptHandler                         text54       003D6A
_ADCC_ThresholdISR                                    text92       003914
_ADCC_ThresholdISR_mTouch                             text94       003DA2
_ADCLK                                                (abs)        000F52
_ADCNT                                                (abs)        000F62
_ADCON0                                               (abs)        000F5B
_ADCON0bits                                           (abs)        000F5B
_ADCON1                                               (abs)        000F54
_ADCON1bits                                           (abs)        000F54
_ADCON2                                               (abs)        000F55
_ADCON2bits                                           (abs)        000F55
_ADCON3                                               (abs)        000F56
_ADCON3bits                                           (abs)        000F56
_ADERRH                                               (abs)        000F6A
_ADERRL                                               (abs)        000F69
_ADFLTR                                               (abs)        000F6D
_ADFLTRH                                              (abs)        000F6E
_ADFLTRL                                              (abs)        000F6D
_ADLTHH                                               (abs)        000F66
_ADLTHL                                               (abs)        000F65
_ADPCH                                                (abs)        000F5A
_ADPRE                                                (abs)        000F59
_ADPREVH                                              (abs)        000F5D
_ADPREVL                                              (abs)        000F5C
_ADREF                                                (abs)        000F53
_ADRESH                                               (abs)        000F5F
_ADRESL                                               (abs)        000F5E
_ADRPT                                                (abs)        000F61
_ADSTAT                                               (abs)        000F60
_ADSTATbits                                           (abs)        000F60
_ADSTPTH                                              (abs)        000F64
_ADSTPTL                                              (abs)        000F63
_ADUTHH                                               (abs)        000F68
_ADUTHL                                               (abs)        000F67
_ANSELA                                               (abs)        000F0C
_ANSELB                                               (abs)        000F14
_ANSELC                                               (abs)        000F1C
_ANSELD                                               (abs)        000F21
_ANSELE                                               (abs)        000F29
_ApplicationTask                                      text83       0018EA
_BUTTON                                               bssBANK0     00008D
_Button_Baseline_Initialize                           text77       0033F6
_Button_Baseline_Update                               text76       002326
_Button_Check_AKS_Block                               text73       001F3A
_Button_DefaultCallback                               text69       003DE6
_Button_Deviation_Update                              text81       0021FC
_Button_Reading_Update                                text78       003A1A
_Button_Reading_Update_Helper                         text79       002E54
_Button_Service                                       text63       0029CE
_Button_StateMachine                                  dataBANK0    0000CD
_Button_State_Initializing                            text67       002816
_Button_State_NotPressed                              text66       00154A
_Button_State_Pressed                                 text68       002436
_Button_Tick_helper                                   text17       00332E
_Button_Unscaled_Deviation_Get                        text75       003454
_CCPTMRSbits                                          (abs)        000FAD
_CLOCK_Initialize                                     text10       003CCE
_ClearButton                                          text89       003DB4
_ClearEvent                                           text88       003DAC
_GIE                                                  (abs)        007F97
_GetButton                                            text87       003DD4
_GetEvent                                             text86       003DCE
_GetMotorSpeed                                        text85       001734
_INLVLA                                               (abs)        000F08
_INLVLB                                               (abs)        000F10
_INLVLC                                               (abs)        000F18
_INLVLD                                               (abs)        000F1D
_INLVLE                                               (abs)        000F25
_INT0_DefaultInterruptHandler                         (abs)        000000
_INT0_InterruptHandler                                bssBANK0     000097
_INT0_SetInterruptHandler                             text9        003D4E
_INT1_DefaultInterruptHandler                         (abs)        000000
_INT1_InterruptHandler                                bssBANK0     000094
_INT1_SetInterruptHandler                             text8        003D40
_INT2_DefaultInterruptHandler                         (abs)        000000
_INT2_InterruptHandler                                bssBANK0     000091
_INT2_SetInterruptHandler                             text7        003D32
_INTCONbits                                           (abs)        000FF2
_INTERRUPT_Initialize                                 text6        0036C6
_INTERRUPT_InterruptManager                           intcode      000008
_IOCAF                                                (abs)        000F05
_IOCAN                                                (abs)        000F06
_IOCAP                                                (abs)        000F07
_IOCBF                                                (abs)        000F0D
_IOCBN                                                (abs)        000F0E
_IOCBP                                                (abs)        000F0F
_IOCCF                                                (abs)        000F15
_IOCCN                                                (abs)        000F16
_IOCCP                                                (abs)        000F17
_IOCEF                                                (abs)        000F22
_IOCEN                                                (abs)        000F23
_IOCEP                                                (abs)        000F24
_LATA                                                 (abs)        000F82
_LATB                                                 (abs)        000F83
_LATBbits                                             (abs)        000F83
_LATC                                                 (abs)        000F84
_LATCbits                                             (abs)        000F84
_LATD                                                 (abs)        000F85
_LATDbits                                             (abs)        000F85
_LATE                                                 (abs)        000F86
_MTOUCH_Button_Deviation_Get                          text31       003AA4
_MTOUCH_Button_Initialize                             text71       0032C6
_MTOUCH_Button_InitializeAll                          text60       0038DE
_MTOUCH_Button_ServiceAll                             text62       003B88
_MTOUCH_Button_SetNotPressedCallback                  text82       003D86
_MTOUCH_Button_Tick                                   text16       003A78
_MTOUCH_Button_isPressed                              text35       00370C
_MTOUCH_Initialize                                    text49       003CFC
_MTOUCH_Sensor_ADCC_Initialize                        text53       003598
_MTOUCH_Sensor_Calibrate                              text72       003B64
_MTOUCH_Sensor_Enable                                 text59       003B40
_MTOUCH_Sensor_Initialize                             text57       003C40
_MTOUCH_Sensor_InitializeAll                          text56       00394A
_MTOUCH_Sensor_RawSample_Get                          text80       00397E
_MTOUCH_Sensor_SampleAll                              text36       003AF6
_MTOUCH_Sensor_Sampled_ResetAll                       text55       003634
_MTOUCH_Sensor_Scan_Initialize                        text52       003DC8
_MTOUCH_Sensor_Service                                text95       00253C
_MTOUCH_Sensor_isCalibrated                           text65       003786
_MTOUCH_Sensor_isEnabled                              text74       0037C0
_MTOUCH_Sensor_isSampling                             text48       003DDE
_MTOUCH_Sensor_isSamplingComplete                     text43       003392
_MTOUCH_Sensor_postAcquisitionProcess                 text39       00367E
_MTOUCH_Sensor_wasSampled                             text64       00374C
_MTOUCH_Service_Mainloop                              text13       0034A8
_MTOUCH_Slider_InitializeAll                          text50       003C22
_MTOUCH_Slider_Position_Get                           text34       0038A6
_MTOUCH_Slider_ServiceAll                             text18       003AD0
_MTOUCH_Slider_SetPositionChangedCallback             text12       003D5C
_MTOUCH_Tick                                          text15       003DBC
_MTOUCH_needReburst                                   text14       003DDA
_ODCONA                                               (abs)        000F0A
_ODCONB                                               (abs)        000F12
_ODCONC                                               (abs)        000F1A
_ODCOND                                               (abs)        000F1F
_ODCONE                                               (abs)        000F27
_OSCCON1                                              (abs)        000ED3
_OSCCON3                                              (abs)        000ED5
_OSCEN                                                (abs)        000ED7
_OSCFRQ                                               (abs)        000ED9
_OSCTUNE                                              (abs)        000ED8
_PIE0bits                                             (abs)        000EBD
_PIE1bits                                             (abs)        000EBE
_PIN_MANAGER_IOC                                      text91       003DE8
_PIN_MANAGER_Initialize                               text5        002C32
_PIR0bits                                             (abs)        000EC5
_PIR1bits                                             (abs)        000EC6
_PIR4bits                                             (abs)        000EC9
_PR2                                                  (abs)        000FBB
_PWM4CON                                              (abs)        000FA1
_PWM4DCH                                              (abs)        000FA0
_PWM4DCL                                              (abs)        000F9F
_PWM4_Initialize                                      text4        003CE6
_PWM4_LoadDutyValue                                   text84       0039B2
_ProcessButtonRelease                                 text70       0035E6
_ProcessSliderChange                                  text32       003C9A
_RA3PPS                                               (abs)        000EE5
_SLRCONA                                              (abs)        000F09
_SLRCONB                                              (abs)        000F11
_SLRCONC                                              (abs)        000F19
_SLRCOND                                              (abs)        000F1E
_SLRCONE                                              (abs)        000F26
_SYSTEM_Initialize                                    text1        003BC8
_Sensor_DefaultCallback                               text42       003DE4
_Sensor_FrequencyHopping                              text37       003DC2
_Sensor_RawSample_Update                              text40       0034F8
_Sensor_Sampled_Reset                                 text58       003D78
_Sensor_SetTrisBit                                    text47       003042
_Sensor_isCalibrated                                  text46       003C04
_Sensor_isCalibratingAcqTime                          text45       003BE6
_Sensor_scheduleNextScan                              text44       001C2E
_Sensor_setCalibrated                                 text104      003CB4
_Sensor_setSamplePeriod                               text38       003B1C
_Sensor_setSampled                                    text103      003D94
_Slider_DefaultCallback                               text33       003DE2
_Slider_FindLeft                                      text30       002AA2
_Slider_FindMiddle                                    text29       002D9E
_Slider_FindRight                                     text28       002B72
_Slider_Initialize                                    text51       003162
_Slider_Service                                       text19       001288
_T2CLKCON                                             (abs)        000FBE
_T2CON                                                (abs)        000FBC
_T2CONbits                                            (abs)        000FBC
_T2HLT                                                (abs)        000FBD
_T2HLTbits                                            (abs)        000FBD
_T2PR                                                 (abs)        000FBB
_T2RST                                                (abs)        000FBF
_T2RSTbits                                            (abs)        000FBF
_T2TMR                                                (abs)        000FBA
_TMR2                                                 (abs)        000FBA
_TMR2_DefaultOverflowCallback                         (abs)        000000
_TMR2_Initialize                                      text2        003A4A
_TMR2_OverflowCallback                                nvBANK0      0000FA
_TMR2_OverflowCallbackRegister                        text3        003D24
_TMR2_PeriodCountSet                                  (abs)        000000
_TMR2_Start                                           (abs)        000000
_TMR2_Stop                                            (abs)        000000
_TMR2_Tasks                                           (abs)        000000
_TRISA                                                (abs)        000F87
_TRISAbits                                            (abs)        000F87
_TRISB                                                (abs)        000F88
_TRISBbits                                            (abs)        000F88
_TRISC                                                (abs)        000F89
_TRISD                                                (abs)        000F8A
_TRISDbits                                            (abs)        000F8A
_TRISE                                                (abs)        000F8B
_Timer2                                               smallconst   000F01
_WPUA                                                 (abs)        000F0B
_WPUB                                                 (abs)        000F13
_WPUC                                                 (abs)        000F1B
_WPUD                                                 (abs)        000F20
_WPUE                                                 (abs)        000F28
__HRAM                                                (abs)        000000
__H__absolute__                                       __absolute__ 000000
__Habs1                                               abs1         000000
__Hbank0                                              bank0        000000
__Hbank1                                              bank1        000000
__Hbank10                                             bank10       000000
__Hbank11                                             bank11       000000
__Hbank12                                             bank12       000000
__Hbank14                                             bank14       000000
__Hbank2                                              bank2        000000
__Hbank3                                              bank3        000000
__Hbank4                                              bank4        000000
__Hbank5                                              bank5        000000
__Hbank6                                              bank6        000000
__Hbank7                                              bank7        000000
__Hbank8                                              bank8        000000
__Hbank9                                              bank9        000000
__Hbigbss                                             bigbss       000000
__Hbigdata                                            bigdata      000000
__Hbigram                                             bigram       000000
__Hbigsfr                                             bigsfr       000000
__Hbss                                                bss          000000
__HbssBANK0                                           bssBANK0     000000
__HbssBANK1                                           bssBANK1     000000
__HbssCOMRAM                                          bssCOMRAM    000000
__Hcinit                                              cinit        000000
__Hclrtext                                            clrtext      000000
__Hcomram                                             comram       000000
__Hconfig                                             config       30000C
__Hconst                                              const        000000
__HcstackBANK0                                        cstackBANK0  000000
__HcstackBANK1                                        cstackBANK1  000000
__HcstackCOMRAM                                       cstackCOMRAM 000000
__Hdata                                               data         000000
__HdataBANK0                                          dataBANK0    000000
__HdataBANK1                                          dataBANK1    000000
__Heeprom_data                                        eeprom_data  000000
__Hfarbss                                             farbss       000000
__Hfardata                                            fardata      000000
__Hheap                                               heap         000000
__Hibigdata                                           ibigdata     000000
__Hidata                                              idata        000000
__HidataBANK0                                         idataBANK0   000000
__HidataBANK1                                         idataBANK1   000000
__Hidloc                                              idloc        000000
__Hifardata                                           ifardata     000000
__Hinit                                               init         00009A
__Hintcode                                            intcode      000096
__Hintcode_body                                       intcode_body 000000
__Hintcodelo                                          intcodelo    000096
__Hintentry                                           intentry     000000
__Hintret                                             intret       000000
__Hintsave_regs                                       intsave_regs 000000
__Hirdata                                             irdata       000000
__Hmediumconst                                        mediumconst  000000
__HnvBANK0                                            nvBANK0      000000
__HnvFARRAM                                           nvFARRAM     000000
__Hnvbit                                              nvbit        000000
__Hnvrram                                             nvrram       000000
__Hparam                                              rparam       000000
__Hpowerup                                            powerup      000096
__Hram                                                ram          000000
__Hramtop                                             ramtop       000F00
__Hrbit                                               rbit         000000
__Hrbss                                               rbss         000000
__Hrdata                                              rdata        000000
__Hreset_vec                                          reset_vec    000004
__Hrparam                                             rparam       000000
__Hsfr                                                sfr          000000
__Hsivt_hi                                            sivt_hi      000000
__Hsivt_lo                                            sivt_lo      000000
__Hsmallconst                                         smallconst   000F9C
__Hspace_0                                            (abs)        003DEC
__Hspace_1                                            (abs)        000176
__Hspace_2                                            (abs)        000000
__Hspace_4                                            (abs)        60000C
__Hstack                                              stack        000000
__Hstruct                                             struct       000000
__Htemp                                               temp         00004C
__Htext                                               text         000000
__Htext0                                              text0        000000
__Htext1                                              text1        000000
__Htext10                                             text10       000000
__Htext100                                            text100      000000
__Htext101                                            text101      000000
__Htext102                                            text102      000000
__Htext103                                            text103      000000
__Htext104                                            text104      000000
__Htext11                                             text11       000000
__Htext12                                             text12       000000
__Htext13                                             text13       000000
__Htext14                                             text14       000000
__Htext15                                             text15       000000
__Htext16                                             text16       000000
__Htext17                                             text17       000000
__Htext18                                             text18       000000
__Htext19                                             text19       000000
__Htext2                                              text2        000000
__Htext20                                             text20       000000
__Htext21                                             text21       000000
__Htext22                                             text22       000000
__Htext23                                             text23       000000
__Htext24                                             text24       000000
__Htext25                                             text25       000000
__Htext26                                             text26       000000
__Htext27                                             text27       000000
__Htext28                                             text28       000000
__Htext29                                             text29       000000
__Htext3                                              text3        000000
__Htext30                                             text30       000000
__Htext31                                             text31       000000
__Htext32                                             text32       000000
__Htext33                                             text33       000000
__Htext34                                             text34       000000
__Htext35                                             text35       000000
__Htext36                                             text36       000000
__Htext37                                             text37       000000
__Htext38                                             text38       000000
__Htext39                                             text39       000000
__Htext4                                              text4        000000
__Htext40                                             text40       000000
__Htext41                                             text41       000000
__Htext42                                             text42       000000
__Htext43                                             text43       000000
__Htext44                                             text44       000000
__Htext45                                             text45       000000
__Htext46                                             text46       000000
__Htext47                                             text47       000000
__Htext48                                             text48       000000
__Htext49                                             text49       000000
__Htext5                                              text5        000000
__Htext50                                             text50       000000
__Htext51                                             text51       000000
__Htext52                                             text52       000000
__Htext53                                             text53       000000
__Htext54                                             text54       000000
__Htext55                                             text55       000000
__Htext56                                             text56       000000
__Htext57                                             text57       000000
__Htext58                                             text58       000000
__Htext59                                             text59       000000
__Htext6                                              text6        000000
__Htext60                                             text60       000000
__Htext61                                             text61       000000
__Htext62                                             text62       000000
__Htext63                                             text63       000000
__Htext64                                             text64       000000
__Htext65                                             text65       000000
__Htext66                                             text66       000000
__Htext67                                             text67       000000
__Htext68                                             text68       000000
__Htext69                                             text69       000000
__Htext7                                              text7        000000
__Htext70                                             text70       000000
__Htext71                                             text71       000000
__Htext72                                             text72       000000
__Htext73                                             text73       000000
__Htext74                                             text74       000000
__Htext75                                             text75       000000
__Htext76                                             text76       000000
__Htext77                                             text77       000000
__Htext78                                             text78       000000
__Htext79                                             text79       000000
__Htext8                                              text8        000000
__Htext80                                             text80       000000
__Htext81                                             text81       000000
__Htext82                                             text82       000000
__Htext83                                             text83       000000
__Htext84                                             text84       000000
__Htext85                                             text85       000000
__Htext86                                             text86       000000
__Htext87                                             text87       000000
__Htext88                                             text88       000000
__Htext89                                             text89       000000
__Htext9                                              text9        000000
__Htext91                                             text91       000000
__Htext92                                             text92       000000
__Htext93                                             text93       000000
__Htext94                                             text94       000000
__Htext95                                             text95       000000
__Htext96                                             text96       000000
__Htext97                                             text97       000000
__Htext98                                             text98       000000
__Htext99                                             text99       000000
__LRAM                                                (abs)        000001
__L__absolute__                                       __absolute__ 000000
__Labs1                                               abs1         000000
__Lbank0                                              bank0        000000
__Lbank1                                              bank1        000000
__Lbank10                                             bank10       000000
__Lbank11                                             bank11       000000
__Lbank12                                             bank12       000000
__Lbank14                                             bank14       000000
__Lbank2                                              bank2        000000
__Lbank3                                              bank3        000000
__Lbank4                                              bank4        000000
__Lbank5                                              bank5        000000
__Lbank6                                              bank6        000000
__Lbank7                                              bank7        000000
__Lbank8                                              bank8        000000
__Lbank9                                              bank9        000000
__Lbigbss                                             bigbss       000000
__Lbigdata                                            bigdata      000000
__Lbigram                                             bigram       000000
__Lbigsfr                                             bigsfr       000000
__Lbss                                                bss          000000
__LbssBANK0                                           bssBANK0     000000
__LbssBANK1                                           bssBANK1     000000
__LbssCOMRAM                                          bssCOMRAM    000000
__Lcinit                                              cinit        000000
__Lclrtext                                            clrtext      000000
__Lcomram                                             comram       000000
__Lconfig                                             config       000000
__Lconst                                              const        000000
__LcstackBANK0                                        cstackBANK0  000000
__LcstackBANK1                                        cstackBANK1  000000
__LcstackCOMRAM                                       cstackCOMRAM 000000
__Ldata                                               data         000000
__LdataBANK0                                          dataBANK0    000000
__LdataBANK1                                          dataBANK1    000000
__Leeprom_data                                        eeprom_data  000000
__Lfarbss                                             farbss       000000
__Lfardata                                            fardata      000000
__Lheap                                               heap         000000
__Libigdata                                           ibigdata     000000
__Lidata                                              idata        000000
__LidataBANK0                                         idataBANK0   000000
__LidataBANK1                                         idataBANK1   000000
__Lidloc                                              idloc        000000
__Lifardata                                           ifardata     000000
__Linit                                               init         000096
__Lintcode                                            intcode      000008
__Lintcode_body                                       intcode_body 000000
__Lintcodelo                                          intcodelo    000096
__Lintentry                                           intentry     000000
__Lintret                                             intret       000000
__Lintsave_regs                                       intsave_regs 000000
__Lirdata                                             irdata       000000
__Lmediumconst                                        mediumconst  000000
__LnvBANK0                                            nvBANK0      000000
__LnvFARRAM                                           nvFARRAM     000000
__Lnvbit                                              nvbit        000000
__Lnvrram                                             nvrram       000000
__Lparam                                              rparam       000000
__Lpowerup                                            powerup      000096
__Lram                                                ram          000000
__Lramtop                                             ramtop       000F00
__Lrbit                                               rbit         000000
__Lrbss                                               rbss         000000
__Lrdata                                              rdata        000000
__Lreset_vec                                          reset_vec    000000
__Lrparam                                             rparam       000000
__Lsfr                                                sfr          000000
__Lsivt_hi                                            sivt_hi      000000
__Lsivt_lo                                            sivt_lo      000000
__Lsmallconst                                         smallconst   000F00
__Lspace_0                                            (abs)        000000
__Lspace_1                                            (abs)        000000
__Lspace_2                                            (abs)        000000
__Lspace_4                                            (abs)        000000
__Lstack                                              stack        000000
__Lstruct                                             struct       000000
__Ltemp                                               temp         00004B
__Ltext                                               text         000000
__Ltext0                                              text0        000000
__Ltext1                                              text1        000000
__Ltext10                                             text10       000000
__Ltext100                                            text100      000000
__Ltext101                                            text101      000000
__Ltext102                                            text102      000000
__Ltext103                                            text103      000000
__Ltext104                                            text104      000000
__Ltext11                                             text11       000000
__Ltext12                                             text12       000000
__Ltext13                                             text13       000000
__Ltext14                                             text14       000000
__Ltext15                                             text15       000000
__Ltext16                                             text16       000000
__Ltext17                                             text17       000000
__Ltext18                                             text18       000000
__Ltext19                                             text19       000000
__Ltext2                                              text2        000000
__Ltext20                                             text20       000000
__Ltext21                                             text21       000000
__Ltext22                                             text22       000000
__Ltext23                                             text23       000000
__Ltext24                                             text24       000000
__Ltext25                                             text25       000000
__Ltext26                                             text26       000000
__Ltext27                                             text27       000000
__Ltext28                                             text28       000000
__Ltext29                                             text29       000000
__Ltext3                                              text3        000000
__Ltext30                                             text30       000000
__Ltext31                                             text31       000000
__Ltext32                                             text32       000000
__Ltext33                                             text33       000000
__Ltext34                                             text34       000000
__Ltext35                                             text35       000000
__Ltext36                                             text36       000000
__Ltext37                                             text37       000000
__Ltext38                                             text38       000000
__Ltext39                                             text39       000000
__Ltext4                                              text4        000000
__Ltext40                                             text40       000000
__Ltext41                                             text41       000000
__Ltext42                                             text42       000000
__Ltext43                                             text43       000000
__Ltext44                                             text44       000000
__Ltext45                                             text45       000000
__Ltext46                                             text46       000000
__Ltext47                                             text47       000000
__Ltext48                                             text48       000000
__Ltext49                                             text49       000000
__Ltext5                                              text5        000000
__Ltext50                                             text50       000000
__Ltext51                                             text51       000000
__Ltext52                                             text52       000000
__Ltext53                                             text53       000000
__Ltext54                                             text54       000000
__Ltext55                                             text55       000000
__Ltext56                                             text56       000000
__Ltext57                                             text57       000000
__Ltext58                                             text58       000000
__Ltext59                                             text59       000000
__Ltext6                                              text6        000000
__Ltext60                                             text60       000000
__Ltext61                                             text61       000000
__Ltext62                                             text62       000000
__Ltext63                                             text63       000000
__Ltext64                                             text64       000000
__Ltext65                                             text65       000000
__Ltext66                                             text66       000000
__Ltext67                                             text67       000000
__Ltext68                                             text68       000000
__Ltext69                                             text69       000000
__Ltext7                                              text7        000000
__Ltext70                                             text70       000000
__Ltext71                                             text71       000000
__Ltext72                                             text72       000000
__Ltext73                                             text73       000000
__Ltext74                                             text74       000000
__Ltext75                                             text75       000000
__Ltext76                                             text76       000000
__Ltext77                                             text77       000000
__Ltext78                                             text78       000000
__Ltext79                                             text79       000000
__Ltext8                                              text8        000000
__Ltext80                                             text80       000000
__Ltext81                                             text81       000000
__Ltext82                                             text82       000000
__Ltext83                                             text83       000000
__Ltext84                                             text84       000000
__Ltext85                                             text85       000000
__Ltext86                                             text86       000000
__Ltext87                                             text87       000000
__Ltext88                                             text88       000000
__Ltext89                                             text89       000000
__Ltext9                                              text9        000000
__Ltext91                                             text91       000000
__Ltext92                                             text92       000000
__Ltext93                                             text93       000000
__Ltext94                                             text94       000000
__Ltext95                                             text95       000000
__Ltext96                                             text96       000000
__Ltext97                                             text97       000000
__Ltext98                                             text98       000000
__Ltext99                                             text99       000000
__S0                                                  (abs)        003DEC
[...]
__ptext69                                             text69       003DE6
__ptext7                                              text7        003D32
__ptext70                                             text70       0035E6
__ptext71                                             text71       0032C6
__ptext72                                             text72       003B64
__ptext73                                             text73       001F3A
__ptext74                                             text74       0037C0
__ptext75                                             text75       003454
__ptext76                                             text76       002326
__ptext77                                             text77       0033F6
__ptext78                                             text78       003A1A
__ptext79                                             text79       002E54
__ptext8                                              text8        003D40
__ptext80                                             text80       00397E
__ptext81                                             text81       0021FC
__ptext82                                             text82       003D86
__ptext83                                             text83       0018EA
__ptext84                                             text84       0039B2
__ptext85                                             text85       001734
__ptext86                                             text86       003DCE
__ptext87                                             text87       003DD4
__ptext88                                             text88       003DAC
__ptext89                                             text89       003DB4
__ptext9                                              text9        003D4E
__ptext91                                             text91       003DE8
__ptext92                                             text92       003914
__ptext93                                             text93       003DEA
__ptext94                                             text94       003DA2
__ptext95                                             text95       00253C
__ptext96                                             text96       001DB4
__ptext97                                             text97       003C5E
__ptext98                                             text98       003C7C
__ptext99                                             text99       0030D2
__ramtop                                              ramtop       000F00
__smallconst                                          smallconst   000F00
_abs                                                  text102      0039E6
_buttonNo                                             bssCOMRAM    00003F
_calculate_contact_size                               text27       002F02
_calculate_position                                   text20       002FAC
_calculate_raw_position                               text24       000F9C
_callback_notPressed                                  dataBANK0    0000E5
_callback_position_changed                            dataBANK0    0000E2
_callback_pressed                                     dataBANK0    0000E8
_callback_pressed@mtouch_slider$F1529                 dataBANK0    0000DF
_callback_released                                    dataBANK0    0000DC
_callback_sampled                                     dataBANK0    0000D9
_currentScanSensor                                    bssCOMRAM    000045
_divide                                               text26       002732
_freq_hop                                             dataBANK0    0000D6
_freq_index                                           bssCOMRAM    000041
_get_difference                                       text23       002CE8
_interpolate                                          text25       0028F4
_left_signal                                          bssCOMRAM    00003B
_lowpowerActivated                                    bssCOMRAM    000042
_main                                                 text0        00386E
_medianFilter                                         text41       001A9E
_memcpy                                               text61       003548
_middle_node                                          bssCOMRAM    000047
_middle_signal                                        bssCOMRAM    000037
_motorState                                           bssCOMRAM    000033
_moving_average_filter                                text22       002638
_mtouch_button                                        bssBANK1     000100
_mtouch_button_init                                   smallconst   000F13
_mtouch_request_init                                  bssCOMRAM    000048
_mtouch_sensor                                        bssBANK0     00009B
_mtouch_sensor_init                                   smallconst   000F68
_mtouch_slider                                        dataBANK1    000155
_mtouch_time_toScan                                   bssCOMRAM    000049
_packet_sample                                        bssBANK0     00007E
_positional_hysteresis                                text21       0020A4
_resol_bits                                           bssCOMRAM    00004A
_resol_value                                          bssCOMRAM    00003D
_right_signal                                         bssCOMRAM    000039
_sample_delay                                         bssCOMRAM    000040
_sampling_flag                                        bssCOMRAM    000044
_scanInterrupted                                      bssCOMRAM    000043
_sensor_medianBuffer                                  bssBANK0     000060
_sliderGroupStatus                                    bssBANK0     00009A
_state                                                bssCOMRAM    000035
_wheel_sensor_middle_channel_zero                     bssCOMRAM    000046
abs@a                                                 cstackCOMRAM 000001
btemp                                                 temp         00004B
calculate_contact_size@contact_size                   cstackCOMRAM 000026
calculate_contact_size@slider                         cstackCOMRAM 000022
calculate_position@filtered_position                  cstackBANK1  000168
calculate_position@position                           cstackBANK1  000166
calculate_position@raw_position                       cstackBANK1  00016A
calculate_position@slider                             cstackCOMRAM 000031
calculate_raw_position@deadband                       cstackBANK0  0000EF
calculate_raw_position@deadband_set                   cstackBANK0  0000EC
calculate_raw_position@interpolation_bits             cstackBANK0  0000F1
calculate_raw_position@interpolation_scale            cstackBANK0  0000EE
calculate_raw_position@position                       cstackBANK0  0000F3
calculate_raw_position@ref_node                       cstackBANK0  0000EB
calculate_raw_position@size                           cstackBANK0  0000F2
calculate_raw_position@slider                         cstackCOMRAM 000029
divide@denominator                                    cstackCOMRAM 000017
divide@exponent                                       cstackCOMRAM 000019
divide@numerator                                      cstackCOMRAM 000015
divide@result                                         cstackCOMRAM 00001A
end_of_initialization                                 cinit        003252
get_difference@current_position                       cstackCOMRAM 000019
get_difference@diff                                   cstackCOMRAM 000020
get_difference@previous_position                      cstackCOMRAM 000017
get_difference@rollover_threshold                     cstackCOMRAM 00001E
get_difference@slider                                 cstackCOMRAM 000015
i2MTOUCH_Sensor_isEnabled@sensor                      cstackCOMRAM 000001
i2MTOUCH_Sensor_wasSampled@sensor                     cstackCOMRAM 000001
i2Sensor_SetTrisBit@TrisBit                           cstackCOMRAM 000001
i2Sensor_SetTrisBit@sensor                            cstackCOMRAM 000004
i2Sensor_isCalibrated@sensor                          cstackCOMRAM 000001
i2Sensor_isCalibratingAcqTime@sensor                  cstackCOMRAM 000001
i2Sensor_scheduleNextScan@sensor                      cstackCOMRAM 00000B
i2Sensor_scheduleNextScan@skipScan                    cstackCOMRAM 00000A
i2Sensor_scheduleNextScan@state                       cstackCOMRAM 000009
i2_MTOUCH_Sensor_isEnabled                            text101      003834
i2_MTOUCH_Sensor_wasSampled                           text100      0037FA
i2_Sensor_SetTrisBit                                  text99       0030D2
i2_Sensor_isCalibrated                                text98       003C7C
i2_Sensor_isCalibratingAcqTime                        text97       003C5E
i2_Sensor_scheduleNextScan                            text96       001DB4
int$flags                                             temp         00004B
interpolate@delta1                                    cstackCOMRAM 00001C
interpolate@delta2                                    cstackCOMRAM 00001E
interpolate@delta3                                    cstackCOMRAM 000020
interpolate@num_bits                                  cstackCOMRAM 000022
interpolate@rtnval                                    cstackCOMRAM 000027
intlevel0                                             text         000000
intlevel1                                             text         000000
intlevel2                                             text         000000
intlevel3                                             text         000000
isa$std                                               (abs)        000001
isa$xinst                                             (abs)        000000
medianFilter@bufferIndex                              bssBANK0     000088
medianFilter@sensor                                   cstackCOMRAM 00001B
memcpy@d                                              cstackCOMRAM 00001B
memcpy@d1                                             cstackCOMRAM 000015
memcpy@n                                              cstackCOMRAM 000018
memcpy@s                                              cstackCOMRAM 00001D
memcpy@s1                                             cstackCOMRAM 000017
memcpy@tmp                                            cstackCOMRAM 00001A
moving_average_filter@current_position                cstackCOMRAM 000024
moving_average_filter@dist_temp                       cstackCOMRAM 00002C
moving_average_filter@distance                        cstackCOMRAM 00002E
moving_average_filter@filtered_position               cstackCOMRAM 000028
moving_average_filter@previous_position               cstackCOMRAM 00002A
moving_average_filter@slider                          cstackCOMRAM 000022
positional_hysteresis@current_position                cstackCOMRAM 000024
positional_hysteresis@distance                        cstackCOMRAM 00002F
positional_hysteresis@filtered_position               cstackCOMRAM 00002B
positional_hysteresis@hyst_width                      cstackCOMRAM 00002D
positional_hysteresis@polarity                        cstackCOMRAM 00002E
positional_hysteresis@previous_position               cstackCOMRAM 000029
positional_hysteresis@slider                          cstackCOMRAM 000022
stackhi                                               (abs)        000000
stacklo                                               (abs)        000000
start                                                 init         000096
start_initialization                                  cinit        0031EE
ttemp5                                                temp         00004C
ttemp6                                                temp         00004F
ttemp7                                                temp         000053
wtemp8                                                temp         00004C


MODULE INFORMATION

Module		Function		Class		Link	Load	Size
mcc_generated_files/pwm/src/pwm4.c
		_PWM4_Initialize		CODE           	3CE6	0000	22
		_PWM4_LoadDutyValue		CODE           	39B2	0000	52

mcc_generated_files/pwm/src/pwm4.c estimated size: 74

mcc_generated_files/touch/mtouch.c
		_MTOUCH_Tick   		CODE           	3DBC	0000	6
		_MTOUCH_Initialize		CODE           	3CFC	0000	22
		_MTOUCH_Service_Mainloop		CODE           	34A8	0000	80
		_MTOUCH_needReburst		CODE           	3DDA	0000	4

mcc_generated_files/touch/mtouch.c estimated size: 112

mcc_generated_files/touch/mtouch_slider.c
		_MTOUCH_Slider_SetPositionChangedCallback		CODE           	3D5C	0000	14
		_calculate_position		CODE           	2FAC	0000	150
		_Slider_DefaultCallback		CODE           	3DE2	0000	2
		_moving_average_filter		CODE           	2638	0000	250
		_MTOUCH_Slider_InitializeAll		CODE           	3C22	0000	30
		_get_difference		CODE           	2CE8	0000	182
		_positional_hysteresis		CODE           	20A4	0000	344
		_divide        		CODE           	2732	0000	228
		_calculate_contact_size		CODE           	2F02	0000	170
		_Slider_FindRight		CODE           	2B72	0000	192
		_Slider_FindMiddle		CODE           	2D9E	0000	182
		_Slider_Service		CODE           	1288	0000	706
		_Slider_Initialize		CODE           	3162	0000	140
		_interpolate   		CODE           	28F4	0000	218
		_Slider_FindLeft		CODE           	2AA2	0000	208
		_MTOUCH_Slider_ServiceAll		CODE           	3AD0	0000	38
		_MTOUCH_Slider_Position_Get		CODE           	38A6	0000	56
		_calculate_raw_position		CODE           	0F9C	0000	748

mcc_generated_files/touch/mtouch_slider.c estimated size: 3858

mcc_generated_files/touch/mtouch_sensor.c
		_MTOUCH_Sensor_isSamplingComplete		CODE           	3392	0000	100
		_Sensor_setCalibrated		CODE           	3CB4	0000	26
		_MTOUCH_Sensor_isEnabled		CODE           	37C0	0000	58
		_Sensor_isCalibrated		CODE           	3C04	0000	30
		_MTOUCH_Sensor_Initialize		CODE           	3C40	0000	30
		_Sensor_scheduleNextScan		CODE           	1C2E	0000	390
		_Sensor_Sampled_Reset		CODE           	3D78	0000	14
		_MTOUCH_Sensor_InitializeAll		CODE           	394A	0000	52
		_MTOUCH_Sensor_Service		CODE           	253C	0000	252
		_Sensor_DefaultCallback		CODE           	3DE4	0000	2
		_MTOUCH_Sensor_ADCC_Initialize		CODE           	3598	0000	78
		_MTOUCH_Sensor_postAcquisitionProcess		CODE           	367E	0000	72
		_medianFilter  		CODE           	1A9E	0000	400
		_MTOUCH_Sensor_isCalibrated		CODE           	3786	0000	58
		_MTOUCH_Sensor_Calibrate		CODE           	3B64	0000	36
		_MTOUCH_Sensor_Sampled_ResetAll		CODE           	3634	0000	74
		_MTOUCH_Sensor_Enable		CODE           	3B40	0000	36
		_Sensor_setSampled		CODE           	3D94	0000	14
		_Sensor_isCalibratingAcqTime		CODE           	3BE6	0000	30
		_MTOUCH_Sensor_RawSample_Get		CODE           	397E	0000	52
		_MTOUCH_Sensor_SampleAll		CODE           	3AF6	0000	38
		_MTOUCH_Sensor_wasSampled		CODE           	374C	0000	58
		_Sensor_SetTrisBit		CODE           	3042	0000	144
		_MTOUCH_Sensor_Scan_Initialize		CODE           	3DC8	0000	6
		_ADCC_ThresholdISR_mTouch		CODE           	3DA2	0000	10
		_Sensor_RawSample_Update		CODE           	34F8	0000	80
		_MTOUCH_Sensor_isSampling		CODE           	3DDE	0000	4
		_Sensor_setSamplePeriod		CODE           	3B1C	0000	36
		_Sensor_FrequencyHopping		CODE           	3DC2	0000	6

mcc_generated_files/touch/mtouch_sensor.c estimated size: 2186

mcc_generated_files/system/src/interrupt.c
		_INT0_SetInterruptHandler		CODE           	3D4E	0000	14
		_INT1_SetInterruptHandler		CODE           	3D40	0000	14
		_INT2_SetInterruptHandler		CODE           	3D32	0000	14
		_INTERRUPT_Initialize		CODE           	36C6	0000	70
		_INTERRUPT_InterruptManager		CODE           	0008	0000	142

mcc_generated_files/system/src/interrupt.c estimated size: 254

mcc_generated_files/adc/src/adcc.c
		_ADCC_DefaultADTI_ISR		CODE           	3DEA	0000	2
		_ADCC_SetADTIInterruptHandler		CODE           	3D6A	0000	14
		_ADCC_ThresholdISR		CODE           	3914	0000	54
		_ADCC_Initialize		CODE           	325C	0000	106

mcc_generated_files/adc/src/adcc.c estimated size: 176

mcc_generated_files/touch/mtouch_button.c
		_Button_Deviation_Update		CODE           	21FC	0000	298
		_MTOUCH_Button_SetNotPressedCallback		CODE           	3D86	0000	14
		_MTOUCH_Button_isPressed		CODE           	370C	0000	64
		_MTOUCH_Button_Initialize		CODE           	32C6	0000	104
		_Button_Tick_helper		CODE           	332E	0000	100
		_MTOUCH_Button_InitializeAll		CODE           	38DE	0000	54
		_Button_Baseline_Update		CODE           	2326	0000	272
		_Button_State_Pressed		CODE           	2436	0000	262
		_Button_Reading_Update		CODE           	3A1A	0000	48
		_Button_DefaultCallback		CODE           	3DE6	0000	2
		_MTOUCH_Button_Tick		CODE           	3A78	0000	44
		_Button_Unscaled_Deviation_Get		CODE           	3454	0000	84
		_Button_State_NotPressed		CODE           	154A	0000	490
		_MTOUCH_Button_Deviation_Get		CODE           	3AA4	0000	44
		_Button_Reading_Update_Helper		CODE           	2E54	0000	174
		_Button_Service		CODE           	29CE	0000	212
		_Button_State_Initializing		CODE           	2816	0000	222
		_Button_Check_AKS_Block		CODE           	1F3A	0000	362
		_MTOUCH_Button_ServiceAll		CODE           	3B88	0000	34
		_Button_Baseline_Initialize		CODE           	33F6	0000	94

mcc_generated_files/touch/mtouch_button.c estimated size: 2978

mcc_generated_files/system/src/pins.c
		_PIN_MANAGER_Initialize		CODE           	2C32	0000	182
		_PIN_MANAGER_IOC		CODE           	3DE8	0000	2

mcc_generated_files/system/src/pins.c estimated size: 184

shared
		i2_Sensor_scheduleNextScan		CODE           	1DB4	0000	390
		i2_Sensor_isCalibrated		CODE           	3C7C	0000	30
		_Timer2        		SMALLCONST     	0F01	0000	18
		i2_Sensor_isCalibratingAcqTime		CODE           	3C5E	0000	30
		__initialization		CODE           	31EE	0000	100
		_mtouch_button_init		SMALLCONST     	0F13	0000	85
		_mtouch_sensor_init		SMALLCONST     	0F68	0000	50
		i2_Sensor_SetTrisBit		CODE           	30D2	0000	144
		i2_MTOUCH_Sensor_wasSampled		CODE           	37FA	0000	58
		i2_MTOUCH_Sensor_isEnabled		CODE           	3834	0000	58

shared estimated size: 963

C:\Program Files\Microchip\xc8\v2.46\pic\sources\c99\common\memcpy.c
		_memcpy        		CODE           	3548	0000	80

C:\Program Files\Microchip\xc8\v2.46\pic\sources\c99\common\memcpy.c estimated size: 80

mcc_generated_files/timer/src/tmr2.c
		_TMR2_Initialize		CODE           	3A4A	0000	46
		_TMR2_OverflowCallbackRegister		CODE           	3D24	0000	14

mcc_generated_files/timer/src/tmr2.c estimated size: 60

mcc_generated_files/system/src/clock.c
		_CLOCK_Initialize		CODE           	3CCE	0000	24

mcc_generated_files/system/src/clock.c estimated size: 24

C:\Program Files\Microchip\xc8\v2.46\pic\sources\c99\common\abs.c
		_abs           		CODE           	39E6	0000	52

C:\Program Files\Microchip\xc8\v2.46\pic\sources\c99\common\abs.c estimated size: 52

application.c
		_GetMotorSpeed 		CODE           	1734	0000	438
		_ClearEvent    		CODE           	3DAC	0000	8
		_ProcessSliderChange		CODE           	3C9A	0000	26
		_GetButton     		CODE           	3DD4	0000	6
		_ProcessButtonRelease		CODE           	35E6	0000	78
		_ClearButton   		CODE           	3DB4	0000	8
		_GetEvent      		CODE           	3DCE	0000	6
		_ApplicationTask		CODE           	18EA	0000	436

application.c estimated size: 1006

main.c
		_main          		CODE           	386E	0000	56

main.c estimated size: 56

mcc_generated_files/system/src/system.c
		_SYSTEM_Initialize		CODE           	3BC8	0000	30

mcc_generated_files/system/src/system.c estimated size: 30

